Archive member included because of file (symbol)

../bwlib\liblimage.a(imageL_encode.o)
                              ./Debug/taskPhotoEncode.c.o (imageEncodeQuadStart)
../bwlib\libeffect.a(user_effect.o)
                              ./Debug/multimedia_user_media.c.o (warpHandle)
../bwlib\libmp3.a(mp3_decode_api.o)
                              ./Debug/taskAudioPlayer.c.o (mp3_dac_memInit)
../bwlib\libmp3.a(decoder.o)  ../bwlib\libmp3.a(mp3_decode_api.o) (mad_decoder_init)
../bwlib\libmp3.a(stream.o)   ../bwlib\libmp3.a(decoder.o) (mad_stream_init)
../bwlib\libmp3.a(synth.o)    ../bwlib\libmp3.a(decoder.o) (mad_synth_init)
../bwlib\libmp3.a(bit.o)      ../bwlib\libmp3.a(stream.o) (mad_bit_init)
../bwlib\libmp3.a(frame.o)    ../bwlib\libmp3.a(decoder.o) (mad_frame_finish)
../bwlib\libmp3.a(layer12.o)  ../bwlib\libmp3.a(frame.o) (mad_layer_I)
../bwlib\libmp3.a(timer.o)    ../bwlib\libmp3.a(frame.o) (mad_timer_set)
../bwlib\libmp3.a(layer3.o)   ../bwlib\libmp3.a(frame.o) (mad_layer_III)
../bwlib\libmp3.a(huffman.o)  ../bwlib\libmp3.a(layer3.o) (mad_huff_pair_table)
../bwlib\libsd.a(ax32xx_sd.o)
                              ./Debug/src_hal_sd.c.o (ax32xx_sd0Init)
../bwlib\libavi.a(aviEncoder.o)
                              ./Debug/video_video_record.c.o (aviEncodeInit)
../bwlib\libavi.a(encoder_std.o)
                              ../bwlib\libavi.a(aviEncoder.o) (avi_encoder_std)
../bwlib\libavi.a(encoder_odml.o)
                              ../bwlib\libavi.a(aviEncoder.o) (avi_odmlAddoffset)
../bwlib\libavi.a(aviDecoder.o)
                              ./Debug/video_video_playback.c.o (aviDecodeInit)
../bwlib\libavi.a(decoder_std.o)
                              ../bwlib\libavi.a(aviDecoder.o) (avi_standard)
../bwlib\libavi.a(decoder_odml.o)
                              ../bwlib\libavi.a(aviDecoder.o) (avi_opendml)
../bwlib\libfs.a(fs.o)        ./Debug/taskSysScanDevice.c.o (fs_nodeinit)
../bwlib\libfs.a(diskio.o)    ./Debug/main.c.o (fs_init)
../bwlib\libfs.a(ff.o)        ../bwlib\libfs.a(fs.o) (clst2sect)
../bwlib\libfs.a(ffunicode.o)
                              ../bwlib\libfs.a(ff.o) (ff_uni2oem)
C:/MinGW-4.7.1/or1k-elf/lib/no-delay\libc.a(lib_a-memcmp.o)
                              ../bwlib\libfs.a(ff.o) (memcmp)
C:/MinGW-4.7.1/or1k-elf/lib/no-delay\libc.a(lib_a-memcpy.o)
                              ./Debug/resource_manager.c.o (memcpy)
C:/MinGW-4.7.1/or1k-elf/lib/no-delay\libc.a(lib_a-memmove.o)
                              ./Debug/game_tetris.c.o (memmove)
C:/MinGW-4.7.1/or1k-elf/lib/no-delay\libc.a(lib_a-memset.o)
                              ./Debug/main.c.o (memset)
C:/MinGW-4.7.1/or1k-elf/lib/no-delay\libc.a(lib_a-strcasecmp.o)
                              ./Debug/resource_manager.c.o (strcasecmp)
C:/MinGW-4.7.1/or1k-elf/lib/no-delay\libc.a(lib_a-strcat.o)
                              ./Debug/resource_manager.c.o (strcat)
C:/MinGW-4.7.1/or1k-elf/lib/no-delay\libc.a(lib_a-strchr.o)
                              ../bwlib\libfs.a(ff.o) (strchr)
C:/MinGW-4.7.1/or1k-elf/lib/no-delay\libc.a(lib_a-strcmp.o)
                              ./Debug/resource_manager.c.o (strcmp)
C:/MinGW-4.7.1/or1k-elf/lib/no-delay\libc.a(lib_a-strcpy.o)
                              ./Debug/resource_manager.c.o (strcpy)
C:/MinGW-4.7.1/or1k-elf/lib/no-delay\libc.a(lib_a-strlen.o)
                              ./Debug/resource_manager.c.o (strlen)
C:/MinGW-4.7.1/or1k-elf/lib/no-delay\libc.a(lib_a-strncmp.o)
                              ./Debug/resource_manager.c.o (strncmp)
C:/MinGW-4.7.1/or1k-elf/lib/no-delay\libc.a(lib_a-strstr.o)
                              ../bwlib\liblimage.a(imageL_encode.o) (strstr)
C:/MinGW-4.7.1/or1k-elf/lib/no-delay\libc.a(lib_a-ctype_.o)
                              C:/MinGW-4.7.1/or1k-elf/lib/no-delay\libc.a(lib_a-strcasecmp.o) (__ctype_ptr__)
C:/MinGW-4.7.1/or1k-elf/lib/no-delay\libc.a(lib_a-memchr.o)
                              C:/MinGW-4.7.1/or1k-elf/lib/no-delay\libc.a(lib_a-strstr.o) (memchr)
C:/MinGW-4.7.1/lib/gcc/or1k-elf/4.9.1/no-delay\libgcc.a(_muldi3.o)
                              ../bwlib\libmp3.a(mp3_decode_api.o) (__muldi3)
C:/MinGW-4.7.1/lib/gcc/or1k-elf/4.9.1/no-delay\libgcc.a(_udivdi3.o)
                              ../bwlib\libmp3.a(mp3_decode_api.o) (__udivdi3)
C:/MinGW-4.7.1/lib/gcc/or1k-elf/4.9.1/no-delay\libgcc.a(addsf3.o)
                              ../bwlib\libeffect.a(user_effect.o) (__addsf3)
C:/MinGW-4.7.1/lib/gcc/or1k-elf/4.9.1/no-delay\libgcc.a(divsf3.o)
                              ../bwlib\libeffect.a(user_effect.o) (__divsf3)
C:/MinGW-4.7.1/lib/gcc/or1k-elf/4.9.1/no-delay\libgcc.a(eqsf2.o)
                              ../bwlib\libeffect.a(user_effect.o) (__eqsf2)
C:/MinGW-4.7.1/lib/gcc/or1k-elf/4.9.1/no-delay\libgcc.a(gesf2.o)
                              ../bwlib\libeffect.a(user_effect.o) (__gtsf2)
C:/MinGW-4.7.1/lib/gcc/or1k-elf/4.9.1/no-delay\libgcc.a(mulsf3.o)
[...]
Memory Configuration

Name             Origin             Length             Attributes
boot             0x01fffc00         0x00000200
ram_boot         0x00000000         0x00005000
ram_user         0x00000000         0x00005000
usbfifo          0x00008000         0x00001000
sdram            0x02000000         0x00200000
exsdram          0x00000000         0x00800000
*default*        0x00000000         0xffffffff

Linker script and memory map

LOAD ./Debug/ax32xx_reset.S.o
LOAD ./Debug/ax32xx_spi_boot_cfg.S.o
LOAD ./Debug/ax32xx_BLDRX32.S.o
LOAD ./Debug/main.c.o
LOAD ./Debug/resource_manager.c.o
LOAD ./Debug/board.c.o
LOAD ./Debug/board_bwv1.c.o
LOAD ./Debug/config.c.o
LOAD ./Debug/display.c.o
LOAD ./Debug/explorer.c.o
LOAD ./Debug/filelist.c.o
LOAD ./Debug/font.c.o
LOAD ./Debug/icon.c.o
LOAD ./Debug/configGetValue.c.o
LOAD ./Debug/configSystem.c.o
LOAD ./Debug/logo.c.o
LOAD ./Debug/menuMovieRec.c.o
LOAD ./Debug/msgDeal.c.o
LOAD ./Debug/msgSysRecommend.c.o
LOAD ./Debug/msgSysUnshielded.c.o
LOAD ./Debug/taskManage.c.o
LOAD ./Debug/taskPhotoEncode.c.o
LOAD ./Debug/taskPhotoEncodeMsg.c.o
LOAD ./Debug/taskPlayBack.c.o
LOAD ./Debug/taskPlayBackMsg.c.o
LOAD ./Debug/taskPowerOff.c.o
LOAD ./Debug/taskSysScanDevice.c.o
LOAD ./Debug/taskUsbDevice.c.o
LOAD ./Debug/taskVideoRecord.c.o
LOAD ./Debug/taskVideoRecordMsg.c.o
LOAD ./Debug/toolFunc.c.o
LOAD ./Debug/uiMenuDateTimeMsg.c.o
LOAD ./Debug/uiMenuDefaultMsg.c.o
LOAD ./Debug/uiMenuDelAllMsg.c.o
LOAD ./Debug/uiMenuDelCurMsg.c.o
LOAD ./Debug/uiMenuFormatMsg.c.o
LOAD ./Debug/uiMenuItemMsg.c.o
LOAD ./Debug/uiMenuOptionMsg.c.o
LOAD ./Debug/uiMenuUsbMsg.c.o
LOAD ./Debug/uiNoFileMsg.c.o
LOAD ./Debug/uiTips1Msg.c.o
LOAD ./Debug/uiTipsMsg.c.o
LOAD ./Debug/uiWin.c.o
LOAD ./Debug/uiMenuVersionMsg.c.o
LOAD ./Debug/taskAudioPlayer.c.o
LOAD ./Debug/taskAudioPlayerMsg.c.o
LOAD ./Debug/taskAudioPlayerRes.c.o
LOAD ./Debug/taskPhotoEncodeRes.c.o
LOAD ./Debug/taskPlayBackRes.c.o
LOAD ./Debug/taskVideoRecordRes.c.o
LOAD ./Debug/uiMenuDateTimeRes.c.o
LOAD ./Debug/uiMenuDefaultRes.c.o
LOAD ./Debug/uiMenuDelAllRes.c.o
LOAD ./Debug/uiMenuDelCurRes.c.o
LOAD ./Debug/uiMenuFormatRes.c.o
LOAD ./Debug/uiMenuItemRes.c.o
LOAD ./Debug/uiMenuOptionRes.c.o
LOAD ./Debug/uiMenuUsbRes.c.o
LOAD ./Debug/uiMenuVersionRes.c.o
LOAD ./Debug/uiNoFileRes.c.o
LOAD ./Debug/uiTips1Res.c.o
LOAD ./Debug/uiTipsRes.c.o
LOAD ./Debug/taskMainMenu.c.o
LOAD ./Debug/taskMainMenuMsg.c.o
LOAD ./Debug/taskMainMenuRes.c.o
LOAD ./Debug/taskSettingMenu.c.o
LOAD ./Debug/userInterface.c.o
LOAD ./Debug/upgrade.c.o
LOAD ./Debug/game_block.c.o
LOAD ./Debug/game_snake.c.o
LOAD ./Debug/game_sokoban.c.o
LOAD ./Debug/game_tetris.c.o
LOAD ./Debug/taskGame.c.o
LOAD ./Debug/taskGameMenu.c.o
LOAD ./Debug/taskGameMenuMsg.c.o
LOAD ./Debug/taskGameMenuRes.c.o
LOAD ./Debug/game_plane.c.o
LOAD ./Debug/game_maze.c.o
LOAD ./Debug/xos_x_cpu.c.o
LOAD ./Debug/xos_xmbox.c.o
LOAD ./Debug/xos_xmsgq.c.o
LOAD ./Debug/xos_xos.c.o
LOAD ./Debug/xos_xwork.c.o
LOAD ./Debug/multimedia_user_media.c.o
LOAD ./Debug/sUI_button.c.o
LOAD ./Debug/sUI_dialog.c.o
LOAD ./Debug/sUI_frameWin.c.o
LOAD ./Debug/sUI_imageIcon.c.o
LOAD ./Debug/sUI_itemManage.c.o
LOAD ./Debug/sUI_menuItem.c.o
LOAD ./Debug/sUI_menuItemEx.c.o
LOAD ./Debug/sUI_menuOption.c.o
LOAD ./Debug/sUI_progressBar.c.o
LOAD ./Debug/sUI_rect.c.o
LOAD ./Debug/sUI_stringIcon.c.o
LOAD ./Debug/sUI_tips.c.o
LOAD ./Debug/sUI_uiAlloc.c.o
LOAD ./Debug/sUI_widget.c.o
LOAD ./Debug/sUI_winManage.c.o
LOAD ./Debug/sUI_memPool.c.o
LOAD ./Debug/sUI_widgetManage.c.o
LOAD ./Debug/src_ax32xx_int.c.o
LOAD ./Debug/src_ax32xx_sys.c.o
LOAD ./Debug/src_ax32xx_dma.c.o
LOAD ./Debug/src_ax32xx_wdt.c.o
LOAD ./Debug/src_ax32xx_gpio.c.o
LOAD ./Debug/src_ax32xx_uart.c.o
LOAD ./Debug/src_ax32xx_timer.c.o
LOAD ./Debug/src_ax32xx_tminf.c.o
LOAD ./Debug/src_ax32xx_spi.c.o
LOAD ./Debug/src_ax32xx_rtc.c.o
LOAD ./Debug/src_ax32xx_iic.c.o
LOAD ./Debug/src_ax32xx_dac.c.o
LOAD ./Debug/src_ax32xx_adc.c.o
LOAD ./Debug/src_ax32xx_auadc.c.o
LOAD ./Debug/src_jpeg_table.c.o
LOAD ./Debug/src_ax32xx_usb.c.o
LOAD ./Debug/src_ax32xx_misc.c.o
LOAD ./Debug/src_ax32xx_pip.c.o
LOAD ./Debug/src_ax32xx_btuart.c.o
LOAD ./Debug/src_ax32xx_crc.c.o
LOAD ./Debug/src_ax32xx_emi.c.o
LOAD ./Debug/src_ax32xx_rotate.c.o
LOAD ./Debug/src_ax32xx_osdcmp.c.o
LOAD ./Debug/src_ax32xx_isp.c.o
LOAD ./Debug/osd_ax32xx_osd.c.o
LOAD ./Debug/csi_ax32xx_csi.c.o
LOAD ./Debug/lcd_ax32xx_lcd.c.o
LOAD ./Debug/mjpeg_ax32xx_mjpeg.c.o
LOAD ./Debug/resource_user_icon.c.o
LOAD ./Debug/resource_user_str.c.o
LOAD ./Debug/src_hal_adc.c.o
LOAD ./Debug/src_hal_csi.c.o
LOAD ./Debug/src_hal_dac.c.o
LOAD ./Debug/src_hal_eeprom.c.o
LOAD ./Debug/src_hal_gpio.c.o
LOAD ./Debug/src_hal_iic.c.o
LOAD ./Debug/src_hal_lcd.c.o
LOAD ./Debug/src_hal_osd.c.o
LOAD ./Debug/src_hal_rtc.c.o
LOAD ./Debug/src_hal_sd.c.o
LOAD ./Debug/src_hal_spi.c.o
LOAD ./Debug/src_hal_timer.c.o
LOAD ./Debug/src_hal_uart.c.o
LOAD ./Debug/src_hal_watermark.c.o
LOAD ./Debug/src_hal_sys.c.o
LOAD ./Debug/src_hal_auadc.c.o
LOAD ./Debug/src_hal_mjpeg.c.o
LOAD ./Debug/src_hal_int.c.o
LOAD ./Debug/src_hal_wdt.c.o
LOAD ./Debug/src_hal_stream.c.o
LOAD ./Debug/src_hal_emi.c.o
LOAD ./Debug/src_hal_osdcmp.c.o
LOAD ./Debug/src_hal_rotate.c.o
LOAD ./Debug/src_hal_lcdframe.c.o
LOAD ./Debug/src_hal_custom_yuv.c.o
LOAD ./Debug/dusb_hal_usb_api.c.o
LOAD ./Debug/dusb_hal_usb_dev_enum.c.o
LOAD ./Debug/dusb_hal_usb_msc.c.o
LOAD ./Debug/dusb_hal_usb_uac.c.o
LOAD ./Debug/dusb_hal_usb_uvc.c.o
LOAD ./Debug/audio_audio_playback.c.o
LOAD ./Debug/audio_audio_record.c.o
LOAD ./Debug/audio_ring_buffer.c.o
LOAD ./Debug/video_video_playback.c.o
LOAD ./Debug/video_video_record.c.o
LOAD ./Debug/image_image_decode.c.o
LOAD ./Debug/image_image_encode.c.o
LOAD ./Debug/wav_alaw.c.o
LOAD ./Debug/wav_imaadpcm.c.o
LOAD ./Debug/wav_pcm.c.o
LOAD ./Debug/wav_ulaw.c.o
LOAD ./Debug/wav_wav.c.o
LOAD ./Debug/stream_stream.c.o
LOAD ./Debug/cmos_sensor_cmos_sensor.c.o
LOAD ./Debug/cmos_sensor_SENSOR_BF3a03.c.o
LOAD ./Debug/cmos_sensor_SENSOR_BF2013.c.o
LOAD ./Debug/cmos_sensor_SENSOR_BF3703.c.o
LOAD ./Debug/cmos_sensor_SENSOR_GC0307.c.o
LOAD ./Debug/cmos_sensor_SENSOR_GC0308.c.o
LOAD ./Debug/cmos_sensor_SENSOR_GC0309.c.o
LOAD ./Debug/cmos_sensor_SENSOR_GC0328.c.o
LOAD ./Debug/cmos_sensor_SENSOR_OV7670.c.o
LOAD ./Debug/cmos_sensor_SENSOR_SP0838.c.o
LOAD ./Debug/cmos_sensor_SENSOR_SP0A18.c.o
LOAD ./Debug/cmos_sensor_SENSOR_GC0329.c.o
LOAD ./Debug/cmos_sensor_SENSOR_SIV100B.c.o
LOAD ./Debug/cmos_sensor_SENSOR_BF3a03after.c.o
LOAD ./Debug/cmos_sensor_SENSOR_BF3a03front.c.o
LOAD ./Debug/cmos_sensor_SENSOR_BF20A6.c.o
LOAD ./Debug/cmos_sensor_SENSOR_HM1055.c.o
LOAD ./Debug/cmos_sensor_SENSOR_IT03A1.c.o
LOAD ./Debug/cmos_sensor_SENSOR_OV7725.c.o
LOAD ./Debug/cmos_sensor_SENSOR_OV7736.c.o
LOAD ./Debug/cmos_sensor_SENSOR_SIV121DS.c.o
LOAD ./Debug/cmos_sensor_SENSOR_SP0718.c.o
LOAD ./Debug/tft_lcd_lcd_mcu_st7789.c.o
LOAD ./Debug/tft_lcd_tft_lcd.c.o
LOAD ./Debug/tft_lcd_lcd_mcu_ili9328.c.o
LOAD ./Debug/tft_lcd_lcd_mcu_st7789v.c.o
LOAD ./Debug/tft_lcd_lcd_mcu_hx8352c.c.o
LOAD ./Debug/tft_lcd_lcd_mcu_9225G.c.o
LOAD ./Debug/tft_lcd_lcd_mcu_nv3030b.c.o
LOAD ./Debug/tft_lcd_lcd_mcu_5420.c.o
LOAD ./Debug/tft_lcd_lcd_mcu_gc9307.c.o
LOAD ./Debug/tft_lcd_lcd_mcu_htf67337.c.o
LOAD ./Debug/tft_lcd_lcd_mcu_hx8352b.c.o
LOAD ./Debug/tft_lcd_lcd_mcu_hx8357b.c.o
LOAD ./Debug/tft_lcd_lcd_mcu_ili9341.c.o
LOAD ./Debug/tft_lcd_lcd_mcu_lgdp4532.c.o
LOAD ./Debug/tft_lcd_lcd_mcu_nv3030a.c.o
LOAD ./Debug/tft_lcd_lcd_mcu_r61505v.c.o
LOAD ./Debug/tft_lcd_lcd_mcu_r61509v.c.o
LOAD ./Debug/tft_lcd_lcd_mcu_st7789_666format.c.o
LOAD ./Debug/tft_lcd_lcd_mcu_st7789P3.c.o
LOAD ./Debug/tft_lcd_lcd_mcu_st7789v2.c.o
LOAD ./Debug/tft_lcd_lcd_rgb_ili8961.c.o
LOAD ./Debug/tft_lcd_lcd_rgb_ili9342c.c.o
LOAD ./Debug/tft_lcd_lcd_rgb_ili9806e.c.o
LOAD ./Debug/tft_lcd_lcd_rgb_jl_lcd.c.o
LOAD ./Debug/tft_lcd_lcd_rgb_ota5182.c.o
LOAD ./Debug/tft_lcd_lcd_rgb_st7282.c.o
LOAD ./Debug/tft_lcd_lcd_rgb_st7701.c.o
LOAD ./Debug/nvfs_nvfs.c.o
LOAD ./Debug/Maxlib_max_user.c.o
LOAD ./Debug/Maxlib_uiDraw.c.o
LOAD ./Debug/std_misc.c.o
LOAD ./Debug/std_std_math.c.o
LOAD ./Debug/std_str.c.o
LOAD ./Debug/res_ascii.c.o
LOAD ./Debug/res_ascii_default.c.o
LOAD ./Debug/res_ascii_default_draw.c.o
LOAD ./Debug/res_R.c.o
LOAD ./Debug/res_R_icon.c.o
LOAD ./Debug/res_R_string.c.o
LOAD ./Debug/res_unicode_font.c.o
LOAD ./Debug/res_ascii_num3.c.o
LOAD ./Debug/res_ascii_num3_draw.c.o
LOAD ../bwlib\liblimage.a
LOAD ../bwlib\libeffect.a
LOAD ../bwlib\libmp3.a
LOAD ../bwlib\libsd.a
LOAD ../bwlib\libavi.a
LOAD ../bwlib\libfs.a
LOAD C:/MinGW-4.7.1/or1k-elf/lib/no-delay\libc.a
LOAD C:/MinGW-4.7.1/lib/gcc/or1k-elf/4.9.1/no-delay\libgcc.a

.bootsec        0x01fffc00      0x200 load address 0x00000000
 *(.bootsec)
 .bootsec       0x01fffc00      0x200 ./Debug/ax32xx_BLDRX32.S.o
                0x01fffc10                hex
                0x01fffc10                .hex
                0x01fffdd8                .bootsect

.exception      0x00000000     0x1e3c load address 0x00000200
                0x00000000                _exception_vma = .
 *(.vector)
 .vector        0x00000000      0x3d0 ./Debug/ax32xx_reset.S.o
                0x00000304                _start
                0x00000340                _step_in
                0x00000384                _step_out
 *(.vector.text)
 .vector.text   0x000003d0     0x1668 ./Debug/src_ax32xx_int.c.o
                0x00000514                _rtcRamWrite
                0x000005bc                _rtcRamRead
                0x00000670                my_putchar
                0x00000684                exception_uart_puts
                0x00000698                my_memset
                0x000006c8                exception_init
                0x0000076c                ax32xx_vddrtcCalculate
                0x00000798                dllcon_init
                0x00000944                sdram_init
                0x00000a14                adcRead
                0x00000a6c                adcConverStart
                0x00000a90                adcSetBaudrate
                0x00000ac0                sysClkSet
                0x00000b1c                adcEnable
                0x00000b84                adcGetChannel
                0x00000bbc                sdram_tuning_check_2
                0x00000d3c                _sdr_tuning2_conifg_set
                0x00000d5c                crc_cal
                0x00000dd0                sdram_clock_tune
                0x000017b0                exception
                0x00001a1c                exception_trigger
 *(.vector.data)
 .vector.data   0x00001a38      0x100 ./Debug/ax32xx_reset.S.o
                0x00001a38                _step_data
 .vector.data   0x00001b38      0x304 ./Debug/src_ax32xx_int.c.o
                0x00001b38                tune_values
                0x00001cb8                tune_by
                0x00001cc4                tune_tab_2_dll
                0x00001cd4                tune_tab_1_dll
                0x00001ce4                tune_tab_2_clk
                0x00001d04                tune_tab_1_clk
                0x00001d24                tuning_test_addr
                0x00001da4                tuning_test_data
                0x00001e24                SDRTUN2_CON
                0x00001e2c                sdr_tune_source
                0x00001e30                chip_vision

.ram            0x00001e3c     0x2660 load address 0x0000203c
                0x00001e3c                __sram_start = .
 *(.msk_var_use)
 *(.sdc_buf)
 .sdc_buf       0x00001e3c       0x40 ../bwlib\libsd.a(ax32xx_sd.o)
 *(.sram_comm)
 .sram_comm     0x00001e7c       0x60 ./Debug/xos_xmsgq.c.o
 .sram_comm     0x00001edc     0x25c0 ./Debug/src_hal_sys.c.o
                0x00001edc                ramuse
                0x0000449c                __sram_end = .

.fifo           0x00008000      0xce0
                0x00008000                __ufifo_start = .
 *(.sram_Usbfifo)
 .sram_Usbfifo  0x00008000      0xce0 ./Debug/src_hal_sys.c.o
                0x00008000                usbfifo
                0x00008ce0                __ufifo_end = .

.text           0x02000000    0x85630 load address 0x00002200
                0x02000000                _text_start = .
 *(.text*)
 .text          0x02000000        0x0 ./Debug/ax32xx_reset.S.o
 .text          0x02000000        0x0 ./Debug/ax32xx_spi_boot_cfg.S.o
 .text          0x02000000        0x0 ./Debug/ax32xx_BLDRX32.S.o
 .text          0x02000000      0x508 ./Debug/main.c.o
                0x02000000                registerTask
                0x020000bc                init
                0x020004a0                systemService
                0x020004d4                sendDrawUIMsg
 .text.startup  0x02000508       0xb8 ./Debug/main.c.o
                0x02000508                main
 .text          0x020005c0     0x1c9c ./Debug/resource_manager.c.o
                0x020006fc                managerInit
                0x02000774                managerCreate
                0x0200084c                managerDestory
                0x020008c4                managerFileCount
                0x0200095c                managerFileCountEx
                0x020009c8                managerLockFileExt
                0x02000a70                managerUnlockFileExt
                0x02000b1c                managerCheckLock
                0x02000b58                managerCheckLockExt
                0x02000be8                managerFlush
                0x02000c54                managerDelFileByIndex
                0x02000d64                managerDelFileAll
                0x02000e48                managerScanStart
                0x02000eb0                managerScanEnd
                0x02000f8c                explorerListHook
                0x02000fa4                managerNameChange
                0x0200119c                managerSpaceCheck
                0x020012f4                manangerCheckFileType
                0x02001554                managerAddFile
                0x02001644                managerAddFileEx
                0x020016a4                managerRenameExt
                0x02001744                managerRename
                0x02001804                managerLockFile
                0x0200188c                managerUnlockFile
                0x0200194c                managerDelFileByName
                0x02001aa8                managerDelFileByFullName
                0x02001c28                managerFileNameCreater
                0x02001e3c                managerFileScan
                0x02002034                manangerGetFileFullPathName
                0x020020e8                manangerGetFileName
                0x02002180                manangerFindFileAndDel
 .text          0x0200225c      0x378 ./Debug/board.c.o
                0x0200225c                boardInit
                0x020023ec                boardOpen
                0x02002490                boardIoctrl
                0x02002518                boardNameIoctrl
 .text          0x020025d4      0xac4 ./Debug/board_bwv1.c.o
                0x02002b88                board_lcd_reset
                0x02002c00                board_sensor_reset
                0x02002ce8                board_lcd_ioctrl_pwm
                0x02002d2c                getCurBatteryADC
                0x02002d4c                getKeyADCvalue
                0x02002d6c                getKeyVal
                0x02002e58                getKey
                0x02002f28                keyScanKey
                0x0200305c                board_powerCheck
 .text          0x02003098      0x334 ./Debug/config.c.o
                0x02003098                configCheckSumCal
                0x020030ec                userConfigSave
                0x02003170                userConfigReset
                0x02003274                userConfigInitial
                0x02003350                configSet
                0x0200338c                configGet
 .text          0x020033cc      0xcd0 ./Debug/display.c.o
                0x020033cc                dispLayerPIPOnlyFront
                0x0200343c                dispLayerPIPOnlyBack
                0x020034b8                dispLayerPIPBakRightTop
                0x02003558                dispLayerPIPFrtRightTop
                0x020035dc                dispLayerPIPFBHalf
                0x02003660                dispLayerPIPBFHalf
                0x020036e4                dispLayerUninit
                0x02003740                dispLayerGetResolution
                0x02003814                dispLayerSetResolution
                0x02003900                dispLayerSetRotate
                0x02003934                dispRatioResolutionCalculate
                0x02003a0c                dispLayerSetRatio
                0x02003abc                dispLayerInit
                0x02003ce8                dispLayerShow
                0x02003d2c                dispLayerGetFrame
                0x02003d74                dispLayerGetFreeFrame
                0x02003db4                dispLayerFreeFrame
                0x02003e2c                dispLayerSetFrame
                0x02003e78                dispLayerSetPIPMode
                0x02003eec                dispLayer_ABwin
                0x02003f38                dispLayer_getABwin
                0x02003f58                dispLayerSetFrontCrop
 .text          0x0200409c        0x0 ./Debug/explorer.c.o
 .text          0x0200409c      0xc4c ./Debug/filelist.c.o
 .text          0x02004ce8      0x954 ./Debug/font.c.o
                0x02004ef8                fontInit
                0x02005014                fontSetLanguage
                0x020050d8                fontGetStringInfo
                0x02005188                fontDrawString
                0x02005378                resGetString
                0x02005490                resGetChar
 .text          0x0200563c      0x324 ./Debug/icon.c.o
                0x0200563c                iconInit
                0x020056ac                iconGetSize
                0x02005750                iconGetData
                0x020057ec                iconGetAddr
                0x02005860                iconGetPalette
                0x020058e0                iconGetGamePalette
 .text          0x02005960      0x1ec ./Debug/configGetValue.c.o
                0x02005960                configValue2Int
 .text          0x02005b4c      0x19c ./Debug/configSystem.c.o
                0x02005b4c                configLanguage
                0x02005bc4                configSys
                0x02005cac                configSystem
 .text          0x02005ce8      0x830 ./Debug/logo.c.o
                0x02005ce8                logo_image_show
                0x02005dec                jpg_decode_show
                0x02005ee0                logo_music_show
                0x020060ac                layout_logo_show
                0x020061bc                background_logo_image_show
                0x020062b4                layout_version_get
                0x020063a0                layout_keysound_load
                0x02006484                layout_sound_load
 .text          0x02006518       0xb0 ./Debug/menuMovieRec.c.o
                0x02006518                menuProcDateTime
                0x02006544                menuProcVersion
                0x02006570                menuProcFormat
                0x0200659c                menuProcDefault
 .text          0x020065c8      0x384 ./Debug/msgDeal.c.o
                0x020065c8                msgFuncRegister
                0x02006680                unshieldedMsgFuncRegister
                0x020066fc                msgDeal
                0x02006858                msgDealByType
                0x020068f0                msgDealByMsgInfor
 .text          0x0200694c       0xa4 ./Debug/msgSysRecommend.c.o
 .text          0x020069f0      0x5cc ./Debug/msgSysUnshielded.c.o
 .text          0x02006fbc      0x4b0 ./Debug/taskManage.c.o
                0x02006fbc                taskInit
                0x02007030                taskInfor
                0x020070b8                taskRegister
                0x0200715c                taskPrevious
                0x0200717c                taskCurrent
                0x0200719c                taskNext
                0x020071bc                taskStart
                0x020072a0                taskChange
                0x020072b4                taskService
 .text          0x0200746c      0xdc8 ./Debug/taskPhotoEncode.c.o
                0x0200746c                taskPhotoEncodeClose
                0x02007554                taskPhotoEncodeService
                0x02007614                photoImagePreSizeGet
                0x020078b0                task_image_createfile
                0x020079e4                image_take_photo
                0x02007ccc                image_take_photo_to_sdram
                0x02008028                photo_animation_effect
                0x02008144                taskPhotoEncodeOpen
 .text          0x02008234     0x190c ./Debug/taskPhotoEncodeMsg.c.o
                0x02009ac8                photoFocusIconCancel
 .text          0x02009b40      0xb64 ./Debug/taskPlayBack.c.o
                0x02009b40                taskPlayBackClose
                0x02009b88                video_playback_jpg_scale
                0x02009d78                video_playback_start
                0x0200a36c                taskPlayBackOpen
                0x0200a5e8                taskPlayBackService
 .text          0x0200a6a4     0x18d0 ./Debug/taskPlayBackMsg.c.o
                0x0200be8c                backBrushBlack
 .text          0x0200bf74      0x2a4 ./Debug/taskPowerOff.c.o
                0x0200bf74                uninit
                0x0200c028                taskPowerOffOpen
 .text          0x0200c218      0xeec ./Debug/taskSysScanDevice.c.o
                0x0200c218                timerMsgSend
                0x0200c2bc                setKeyEn
                0x0200c2dc                deamon_astern_check
                0x0200c2f0                reflush_usensor_check
                0x0200c304                setSoftwareDetachUsensor
                0x0200c324                deamon_usb_check
                0x0200c5d4                deamon_gsensor_check
                0x0200c5e8                deamon_screen_save
                0x0200c738                deamon_key_check
                0x0200c868                deamon_auto_poweroff
                0x0200c97c                deamon_keysound_play
                0x0200ca5c                deamon_sound_play
                0x0200cb38                deamon_fsFreeSize
                0x0200cbe0                deamon_fs_scan
                0x0200cda0                deamon_sdc_check
                0x0200cff0                taskSysScanDev
                0x0200d070                deamon_fsSizeModify
 .text          0x0200d104      0x3cc ./Debug/taskUsbDevice.c.o
 .text          0x0200d4d0      0xde8 ./Debug/taskVideoRecord.c.o
                0x0200d4d0                taskVideoRecordeService
                0x0200d5d4                task_video_Get_Status
                0x0200d5f4                video_record_start
                0x0200d69c                task_record_stop
                0x0200d738                taskVideoRecordeClose
                0x0200d868                task_video_record_caltime
                0x0200d8e0                video_record_callback
                0x0200e0c0                taskVideoRecordeOpen
                0x0200e290                taskVideoRecTimeIncreace
                0x0200e2a4                videoCapturePhoto
 .text          0x0200e2b8     0x1844 ./Debug/taskVideoRecordMsg.c.o
                0x0200f8c8                videoFocusIconCancel
                0x0200f940                recordTimeCount1S
 .text          0x0200fafc      0x158 ./Debug/toolFunc.c.o
                0x0200fafc                intToString
                0x0200fbc8                calWeek
 .text          0x0200fc54      0x810 ./Debug/uiMenuDateTimeMsg.c.o
                0x020100fc                dateTimeStrUpdate
                0x02010124                dateTimeIncreace
                0x020102c4                dateTimeDecreace
 .text          0x02010464      0x32c ./Debug/uiMenuDefaultMsg.c.o
 .text          0x02010790      0x3ec ./Debug/uiMenuDelAllMsg.c.o
 .text          0x02010b7c      0x480 ./Debug/uiMenuDelCurMsg.c.o
 .text          0x02010ffc      0x460 ./Debug/uiMenuFormatMsg.c.o
 .text          0x0201145c      0x844 ./Debug/uiMenuItemMsg.c.o
                0x02011c80                menuIsOpen
 .text          0x02011ca0      0x730 ./Debug/uiMenuOptionMsg.c.o
 .text          0x020123d0      0x35c ./Debug/uiMenuUsbMsg.c.o
 .text          0x0201272c      0x208 ./Debug/uiNoFileMsg.c.o
 .text          0x02012934      0x38c ./Debug/uiTips1Msg.c.o
 .text          0x02012cc0      0x370 ./Debug/uiTipsMsg.c.o
 .text          0x02013030      0x4c0 ./Debug/uiWin.c.o
                0x02013030                dialogCB
                0x02013228                uiParentDealMsg
                0x02013258                uiOpenWindow
                0x02013388                uiOpenWinAndShow
                0x020134c0                windowIsOpen
 .text          0x020134f0      0x174 ./Debug/uiMenuVersionMsg.c.o
 .text          0x02013664       0xf8 ./Debug/taskAudioPlayer.c.o
                0x02013664                taskAudioPlayerOpen
                0x020136e0                taskAudioPlayerClose
                0x02013710                taskAudioPlayerService
 .text          0x0201375c     0x1cd8 ./Debug/taskAudioPlayerMsg.c.o
                0x020151c8                uni2oem936_init
                0x02015258                uni2oem936_uninit
                0x0201529c                oem2uni936_init
                0x0201532c                oem2uni936_uninit
 .text          0x02015434        0x0 ./Debug/taskAudioPlayerRes.c.o
 .text          0x02015434        0x0 ./Debug/taskPhotoEncodeRes.c.o
 .text          0x02015434        0x0 ./Debug/taskPlayBackRes.c.o
 .text          0x02015434        0x0 ./Debug/taskVideoRecordRes.c.o
 .text          0x02015434        0x0 ./Debug/uiMenuDateTimeRes.c.o
 .text          0x02015434        0x0 ./Debug/uiMenuDefaultRes.c.o
 .text          0x02015434        0x0 ./Debug/uiMenuDelAllRes.c.o
 .text          0x02015434        0x0 ./Debug/uiMenuDelCurRes.c.o
 .text          0x02015434        0x0 ./Debug/uiMenuFormatRes.c.o
 .text          0x02015434        0x0 ./Debug/uiMenuItemRes.c.o
 .text          0x02015434        0x0 ./Debug/uiMenuOptionRes.c.o
 .text          0x02015434        0x0 ./Debug/uiMenuUsbRes.c.o
 .text          0x02015434        0x0 ./Debug/uiMenuVersionRes.c.o
 .text          0x02015434        0x0 ./Debug/uiNoFileRes.c.o
 .text          0x02015434        0x0 ./Debug/uiTips1Res.c.o
 .text          0x02015434        0x0 ./Debug/uiTipsRes.c.o
 .text          0x02015434      0x108 ./Debug/taskMainMenu.c.o
                0x02015434                taskMainMenuService
                0x02015448                taskMainMenuOpen
                0x02015510                taskMainMenuClose
 .text          0x0201553c      0x8dc ./Debug/taskMainMenuMsg.c.o
 .text          0x02015e18        0x0 ./Debug/taskMainMenuRes.c.o
 .text          0x02015e18       0xcc ./Debug/taskSettingMenu.c.o
                0x02015e18                taskSettingMenuService
                0x02015e2c                taskSettingMenuClose
                0x02015e54                taskSettingMenuOpen
 .text          0x02015ee4     0x18dc ./Debug/userInterface.c.o
                0x02015ee4                actionUpperToBottom
                0x0201609c                actionBottomToUpper
                0x02016274                actionSquareInsideToOutside
                0x02016424                actionSquareOutsideToInside
                0x020165dc                actionLeftBottomToRightUpper
                0x02016768                actionLeftToRight
                0x02016934                actionLeftUpperToRightBottom
                0x02016ae8                actionCircleInside2OutSide
                0x02016efc                getActionFunc
                0x02016fa4                animationInit
                0x020170a8                animationRun
                0x02017180                animationUnInit
                0x020171d0                circle_fill
                0x0201772c                type_function_circle
 .text          0x020177c0      0x620 ./Debug/upgrade.c.o
                0x020177c0                upgrade_led_control
                0x02017838                upgrade_uiProgress
                0x02017878                upgrade
 .text          0x02017de0     0x2488 ./Debug/game_block.c.o
                0x02017de0                game_cnt_down
                0x02017e10                game_cnt_reinit
                0x02017e30                game_cnt_over
                0x02017e60                game_cnt_clear
                0x02017e8c                effect_rand_get
                0x02017f14                power_up_rand_list_init
                0x02017fb4                block_cnt_init
                0x02018018                rand_get
                0x020180a8                level_back_index_get
                0x020180cc                block_map_init
                0x0201812c                move_icon_universal_draw
                0x0201819c                game_frame_buff_show_get
                0x020181bc                block_icon_draw
                0x02018250                block_src_init_and_draw
                0x02018310                block_map_draw
                0x020183b8                game_boundary_init
                0x020183fc                game_block_level_init
                0x02018438                life_icon_draw
                0x02018544                right_score_draw
                0x02018678                ball_icon_draw
                0x02018710                board_icon_draw
                0x02018758                power_up_item_icon_draw
                0x02018818                DrawMap_block
                0x02018860                power_up_item_init
                0x02018958                power_up_item_destroy
                0x020189c4                ball_init
                0x02018aa8                ball_item_destroy
                0x02018b14                copy_ball_action
                0x02018b90                ball_and_board_init
                0x02018c30                board_and_ball_flash_init
                0x02018c68                move_rule
                0x02018d5c                game_boundary_hit_check
                0x02018e08                universal_hit_action
                0x02018e3c                universal_hit_check
                0x02019124                board_hit_check
                0x02019204                block_hit_check
                0x02019380                clear_block_effect
                0x0201952c                board_move
                0x020195e4                ball_move
                0x020196a8                ball_fire_power_up
                0x02019710                ball_multi_power_up
                0x0201979c                power_up_item_move
                0x02019890                power_up_move
                0x02019910                move
                0x020199cc                pass_check
                0x02019a28                game_block_init
                0x02019a7c                block_free_buf
                0x02019ad8                game_block_exit
                0x02019b2c                flash_reinit
                0x02019bf8                flash_init
                0x02019c40                block_breaker_going_key_response
                0x02019cf8                game_block_start
                0x02019dbc                block_breaker_going
                0x02019ef4                block_breaker_level_pass
                0x02019f58                block_breaker_game_over_show
                0x02019fcc                block_breaker_game_pause
                0x0201a100                game_block_key_active
                0x0201a174                game_block_entry
 .text          0x0201a268      0xe08 ./Debug/game_snake.c.o
                0x0201a268                snake_get_buf
                0x0201a2d8                snake_put_buf
                0x0201a330                snake_init
                0x0201a3dc                rand_next
                0x0201a490                createFood
                0x0201a574                creatMap
                0x0201a5c8                biteSelf
                0x0201a620                chet_endGamestatus
                0x0201a6b0                detore_snake
                0x0201a704                snakeOSDDisplayBufGet
                0x0201a750                snake_I80
                0x0201a848                snakeOSDDisplay
                0x0201a8a8                snake_frame_icon_draw
                0x0201a9b4                get_malloc
                0x0201a9dc                show_icon_rect
                0x0201aae4                show_all
                0x0201ac1c                snakeMove
                0x0201ae30                key_read
                0x0201aed0                snake_main_init
                0x0201af78                game_snake_entry
 .text          0x0201b070      0x728 ./Debug/game_sokoban.c.o
                0x0201b070                Move
                0x0201b1cc                resultCheck
                0x0201b264                map_init
                0x0201b2a8                get_map_size
                0x0201b2c0                man_init
                0x0201b330                DataRead_CMode
                0x0201b3a4                TXZ_show_icon_rect
                0x0201b4b8                TXZ_show_one_rect
                0x0201b4e4                DrawMap
                0x0201b55c                TXZ_show_all
                0x0201b594                get_game_map
                0x0201b65c                sokoban_init
                0x0201b6b8                game_sokoban_entry
 .text          0x0201b798      0xfe4 ./Debug/game_tetris.c.o
                0x0201b798                insertTetris
                0x0201b840                checkCollision_L
                0x0201b878                checkCollision_R
                0x0201b8ac                checkCollision
                0x0201b94c                show_one_diamonds
                0x0201b9d4                printScore
                0x0201bba4                printNextTetris
                0x0201bc38                giveTetris
                0x0201bd18                removeTetris
                0x0201bdd0                printCurrentTetris
                0x0201bef0                setPoolColor
                0x0201bfa4                rotateTetris
                0x0201c048                checkErasing
                0x0201c1d8                printTetrisPool
                0x0201c2a8                moveDownTetris
                0x0201c358                horzMoveTetris
                0x0201c3fc                keydownControl
                0x0201c4c4                endgame
                0x0201c4e0                restartGame
                0x0201c580                game_tetris_init
                0x0201c614                game_tetris_exit
                0x0201c658                game_tetris_entry
 .text          0x0201c77c     0x1a74 ./Debug/taskGame.c.o
                0x0201c77c                taskGameClose
                0x0201c8dc                gameInit
                0x0201c980                gameGetKeyADCValue
                0x0201ca2c                game_key_judge
                0x0201cab4                fps_count_reset
                0x0201cae0                rand_int
                0x0201cb4c                get_game_base_buf
                0x0201cb74                get_game_show_buf
                0x0201cc60                get_bin_data
                0x0201cce4                frame_icon_draw
                0x0201ce78                game_OSD_str_draw
                0x0201d504                game_tips
                0x0201d840                game_over
                0x0201d93c                gameExit
                0x0201d9b0                taskGameService
                0x0201da18                game_bk_draw
                0x0201dac4                frame_buff_display
                0x0201db3c                free_buf
                0x0201db64                game_audio_init
                0x0201dd10                taskGameOpen
                0x0201dd58                game_audio_play
                0x0201df00                game_key_event
                0x0201e000                gameTickGenerator
                0x0201e0c8                game_result_tips
 .text          0x0201e1f0       0xc8 ./Debug/taskGameMenu.c.o
                0x0201e1f0                taskGameMenuService
                0x0201e204                taskGameMenuOpen
                0x0201e28c                taskGameMenuClose
 .text          0x0201e2b8      0xdf4 ./Debug/taskGameMenuMsg.c.o
 .text          0x0201f0ac        0x0 ./Debug/taskGameMenuRes.c.o
 .text          0x0201f0ac     0x11f4 ./Debug/game_plane.c.o
                0x0201f0ac                is_in_range
                0x0201f0fc                collision_chect
                0x0201f358                move_enemy_bullet_c
                0x0201f3f8                AI_mage
                0x0201f44c                move_my_planle
                0x0201f5a0                new_my_bullet
                0x0201f650                new_p_boom
                0x0201f714                move_my_bullet_c
                0x0201f804                move_bullet
                0x0201f828                move_one_enemy_planle
                0x0201f9f0                move_enemy_planle
                0x0201fa38                new_enemy_Plane
                0x0201fb14                pGame_show_icon_rect
                0x0201fcc8                show_plane_boom
                0x0201fd2c                show_enemy_Plane
                0x0201fd84                show_my_bullet
                0x0201fddc                show_score
                0x02020070                game_plane_entry
 .text          0x020202a0      0x5a8 ./Debug/game_maze.c.o
                0x020202a0                Move_maze
                0x02020460                resultCheck_maze
                0x020204b8                maze_map_set
                0x020204f8                get_map_maze_size
                0x02020510                man_maze_init
                0x02020540                maze_show_one_rect
                0x02020604                maze_DrawMap
                0x0202067c                maze_show_all
                0x020206b4                maze_map_init
                0x020206fc                maze_keypress
                0x02020750                maze_init
                0x02020798                game_maze_entry
 .text          0x02020848        0x0 ./Debug/xos_x_cpu.c.o
 .text          0x02020848      0x1b0 ./Debug/xos_xmbox.c.o
                0x02020848                XMboxInit
                0x02020888                XMboxCreate
                0x02020910                XMboxDestory
                0x02020948                XMboxPost
                0x0202099c                XMboxPend
 .text          0x020209f8      0x2e4 ./Debug/xos_xmsgq.c.o
                0x020209f8                XMsgQInit
                0x02020a38                XMsgQCreate
                0x02020ac8                XMsgQDestory
                0x02020b00                XMsgQFlush
                0x02020b40                XMsgQPost
                0x02020bb8                XMsgQPostFront
                0x02020c34                XMsgQPend
                0x02020cc4                XMsgQCheck
 .text          0x02020cdc      0x12c ./Debug/xos_xos.c.o
                0x02020cdc                XOSInit
                0x02020d1c                XOSTickService
                0x02020d8c                XOSTimeGet
                0x02020dac                XOSTimeDly
                0x02020de8                XOSRandom
 .text          0x02020e08      0x168 ./Debug/xos_xwork.c.o
                0x02020e08                XWorkInit
                0x02020e48                XWorkCreate
                0x02020ed4                XWorkDestory
                0x02020f04                XWorkService
 .text          0x02020f70      0xb64 ./Debug/multimedia_user_media.c.o
                0x02020f70                jpg_decode_buf
                0x02021020                jpg_buf_decode_buf
                0x020210d0                yuv_rgb_table_init
                0x020212fc                yuv_rgb_table_uninit
                0x02021340                bmp24_to_yuv420_buf
                0x020216fc                yuv420_draw_buf
                0x020218ec                yuv420_software_set_handle_frame
                0x0202190c                yuv420_software_get_handle_frame
                0x0202192c                yuv420_effect_handle
 .text          0x02021ad4      0x1fc ./Debug/sUI_button.c.o
                0x02021bb8                buttonCreate
                0x02021c2c                buttonCreateIndirect
 .text          0x02021cd0      0x188 ./Debug/sUI_dialog.c.o
                0x02021cd0                dialogCreate
                0x02021da0                dialogItem
 .text          0x02021e58      0x22c ./Debug/sUI_frameWin.c.o
                0x02021fb0                frameWinCreate
                0x02022014                frameWinCreateIndirect
 .text          0x02022084      0x2b0 ./Debug/sUI_imageIcon.c.o
                0x0202220c                imageIconCreate
                0x020222b8                imageIconCreateIndirect
 .text          0x02022334     0x191c ./Debug/sUI_itemManage.c.o
                0x02022334                itemManageCreate
                0x020223b8                itemManageCreateIndirect
                0x0202242c                itemManageSetItemHeight
                0x020225b0                itemManageSetItemRowSumGap
                0x020226b8                itemManageSetHeightAvgGap
                0x0202282c                itemManageSetRowSum
                0x02022960                itemManageSetColumnSum
                0x02022ab0                itemManageSetColumnSumWithGap
                0x02022c2c                itemManageSetColumnMargin
                0x02022d5c                itemManageCreateItem
                0x02022ef8                itemManageSetResInforFuncEx
                0x02022f50                itemManageSetCurItem
                0x0202324c                itemManageUpdateRes
                0x02023304                itemManageUpdateAllitem
                0x02023368                itemManageUpdateCurItem
                0x0202350c                itemManageNextItem
                0x0202357c                itemManagePreItem
                0x020235ec                itemManageNextPage
                0x02023670                itemManagePrePage
                0x020236f8                itemManageGetCurrentItem
                0x0202375c                itemManageSetCharInfor
                0x02023814                itemManageSetSelectColor
                0x020238b0                itemManageSetSelectImage
                0x02023950                itemManageSetUnselectColor
                0x020239ec                itemManageSetUnselectImage
                0x02023a8c                itemManageGetTouchInfor
 .text          0x02023c50      0x3c4 ./Debug/sUI_menuItem.c.o
                0x02023e80                menuItemCreate
                0x02023f28                itemCreateMenuItem
 .text          0x02024014      0x504 ./Debug/sUI_menuItemEx.c.o
                0x0202433c                menuItemExCreate
                0x020243ec                itemCreateMenuItemEx
 .text          0x02024518      0x360 ./Debug/sUI_menuOption.c.o
                0x0202470c                menuOptionCreate
                0x020247b0                itemCreatemenuOption
 .text          0x02024878      0x344 ./Debug/sUI_progressBar.c.o
                0x02024aa0                progressBarCreate
                0x02024b24                progressBarCreateIndirect
                0x02024b9c                progressBarSetDirction
 .text          0x02024bbc      0x264 ./Debug/sUI_rect.c.o
                0x02024d28                rectCreate
                0x02024dac                rectCreateIndirect
 .text          0x02024e20      0x380 ./Debug/sUI_stringIcon.c.o
                0x02025030                stringIconCreate
                0x020250ec                stringIconCreateIndirect
 .text          0x020251a0      0x2b0 ./Debug/sUI_tips.c.o
                0x0202533c                tipsCreate
                0x020253c8                tipsCreateIndirect
 .text          0x02025450      0x30c ./Debug/sUI_uiAlloc.c.o
                0x02025450                uiHeapInit
                0x02025488                uiAlloc
                0x02025590                uiFree
                0x02025690                uiHeapInfor
                0x02025748                heapAllocTest
 .text          0x0202575c      0x11c ./Debug/sUI_widget.c.o
                0x0202575c                widgetProc
                0x020257a8                widgetSetType
                0x020257d8                widgetGetType
                0x0202580c                widgetGetId
                0x02025844                widgetSetId
 .text          0x02025878     0x1c38 ./Debug/sUI_winManage.c.o
                0x02025878                winErrShow
                0x020258c4                winSendMsg
                0x02025904                winSendMsgNoData
                0x0202592c                winSendMsgToParent
                0x0202595c                winSendMsgToParentNoData
                0x02025984                winOverlapping
                0x020259e8                winContain
                0x02025a4c                winHasInvalidRect
                0x02025ae0                winFreeInvalidRect
                0x02025ddc                winCreate
                0x02026224                winDestroy
                0x020263e0                winGetTouchInfor
                0x02026410                winTouch
                0x02026630                winSetbgColor
                0x02026664                winSetfgColor
                0x02026698                winSetVisible
                0x0202671c                winIsVisible
                0x02026758                winSetResid
                0x02026788                winSetItemSelResid
                0x020267b8                winSetStrInfor
                0x02026808                resInforInit
                0x02026854                winSetSelectInfor
                0x02026884                winSetUnselectInfor
                0x020268b4                winChangeNotify
                0x0202691c                winDefaultProc
                0x02026d2c                winResize
                0x02026ebc                winGetRelativePos
                0x02026f4c                winGetPos
                0x02026f90                winUpdate
                0x02027000                winSetPorgressRate
                0x02027030                winSetPorgressDirction
                0x02027060                winGetCurrent
                0x02027080                winPaint
                0x0202718c                winSetName
                0x020271ac                winIntersection
                0x02027260                winUpdateAllResId
                0x020272c4                winDestroyDeskTopChildWin
                0x02027338                winInit
                0x02027424                winUninit
 .text          0x020274b0      0x174 ./Debug/sUI_memPool.c.o
                0x020274b0                mempCreate
                0x02027518                mempGet
                0x02027570                mempPut
                0x020275ac                mempInfor
 .text          0x02027624      0x43c ./Debug/sUI_widgetManage.c.o
                0x02027878                widgetManageCreate
                0x020278fc                widgetManageCreateIndirect
                0x0202796c                widgetManageUpdateAll
                0x02027990                widgetManageUpdateCur
                0x020279b4                widgetManageNext
                0x020279d8                widgetManagePre
                0x020279fc                widgetManageSelect
                0x02027a30                widgetManageCurId
 .text          0x02027a60      0x3bc ./Debug/src_ax32xx_int.c.o
                0x02027a60                ax32xx_intHandler
                0x02027a74                fast_isr
                0x02027b54                slow_isr
                0x02027c48                ax32xx_intEnable
                0x02027c90                ax32xx_int_priority
                0x02027cd8                ax32xx_intInit
 .text          0x02027e1c      0xa44 ./Debug/src_ax32xx_sys.c.o
                0x02027e1c                ax32xx_sysCpuMsDelay
                0x02027e58                ax32xx_sysCpuNopDelay
                0x02027e80                ax32xx_sysDcacheInit
                0x02027ec4                ax32xx_sysIcacheInit
                0x02027f08                ax32xx_sysDcacheWback
                0x02027f84                ax32xx_sysDcacheFlush
                0x02028000                ax32xx_sysDcacheInvalid
                0x0202807c                ax32xx_sysSRAMClear
                0x020280d0                ax32xx_sysBSSClear
                0x02028134                ax32xx_sysLDOSet
                0x02028318                ax32xx_sysClkSet
                0x02028374                ax32xx_sysReset
                0x020283b4                ax32xx_sys_dma_memdown
                0x02028418                ax32xx_sys_dma_memkick
                0x020284dc                ax32xx_mcpy_gram2ufifo
                0x0202853c                ax32xx_mcpy1_sdram2gram
                0x020285e0                ax32xx_mcpy1_sdram2gram_2
                0x02028640                ax32xx_sysInit
                0x020287a0                ax32xx_sysUninit
 .text          0x02028860      0x298 ./Debug/src_ax32xx_dma.c.o
                0x02028860                ax32xx_dmaNocCfg
                0x02028a88                ax32xx_dmaNocDefault
                0x02028ab0                ax32xx_dmaChannelEnable
 .text          0x02028af8       0x98 ./Debug/src_ax32xx_wdt.c.o
                0x02028af8                ax32xx_wdtEnable
                0x02028b2c                ax32xx_wdtTimeSet
                0x02028b40                ax32xx_wdtClear
                0x02028b74                ax32xx_wdtReset
 .text          0x02028b90      0xe08 ./Debug/src_ax32xx_gpio.c.o
                0x02028b90                ax32xx_gpioSFRSet
                0x02028dd4                ax32xx_gpioDirSet
                0x02028e78                ax32xx_gpioPullSet
                0x02028f44                ax32xx_gpioDrvSet
                0x02028fd4                ax32xx_gpioDataSet
                0x02029060                ax32xx_gpioDataGrounpSet
                0x020290dc                ax32xx_gpioDataGet
                0x02029160                ax32xx_gpioMapSet
                0x020291f0                ax32xx_gpioDigitalSet
                0x02029280                ax32xx_gpioHystersisSet
                0x02029310                ax32xx_gpioLedPull
                0x020293dc                ax32xx_gpioLedInit
                0x0202946c                ax32xx_gpioINTCheck
                0x020294a4                ax32xx_gpioINTClear
                0x020294cc                ax32xx_gpioINTInit
                0x020295fc                ax32xx_gpioIRQHandler
                0x02029698                ax32xx_io1d1_softstart
                0x02029858                ax32xx_io1d1_softstart_clr
                0x02029908                ax32xx_io1d1_pd_enable
 .text          0x02029998      0x1a4 ./Debug/src_ax32xx_uart.c.o
                0x02029998                ax32xx_uart0IRQHandler
                0x020299e8                ax32xx_uart0IOCfg
                0x02029a88                ax32xx_uart0Init
                0x02029afc                ax32xx_uart0SendByte
 .text          0x02029b3c      0x9ec ./Debug/src_ax32xx_timer.c.o
                0x02029b3c                ax32xx_timer0IRQHandler
                0x02029b80                ax32xx_timer1IRQHandler
                0x02029bc4                ax32xx_timer2IRQHandler
                0x02029c08                ax32xx_timer3IRQHandler
                0x02029c4c                ax32xx_timerISRRegister
                0x02029c90                ax32xx_timerStart
                0x02029d8c                ax32xx_timerStop
                0x02029e5c                ax32xx_timerEnable
                0x02029ee8                ax32xx_timerDisable
                0x02029f8c                ax32xx_timerTickStart
                0x02029fc0                ax32xx_timerTickStop
                0x02029fe0                ax32xx_timerTickCount
                0x02029ffc                ax32xx_timerPWMStart
                0x0202a474                ax32xx_timerPWMStop
 .text          0x0202a528      0x468 ./Debug/src_ax32xx_tminf.c.o
                0x0202a528                ax32xx_mjpegATimeinfoEnable
                0x0202a594                ax32xx_mjpegBTimeinfoEnable
                0x0202a600                ax32xx_mjpegATimeinfoColor
                0x0202a64c                ax32xx_mjpegBTimeinfoColor
                0x0202a6a8                ax32xx_mjpegATimeinfoSize
                0x0202a704                ax32xx_mjpegBTimeinfoSize
                0x0202a78c                ax32xx_mjpegATimeinfoPos
                0x0202a7e8                ax32xx_mjpegBTimeinfoPos
                0x0202a870                ax32xx_mjpegATimeinfoAddr
                0x0202a8b4                ax32xx_mjpegBTimeinfoAddr
                0x0202a924                ax32xx_recfg_mjpb_tminf
 .text          0x0202a990      0x7f4 ./Debug/src_ax32xx_spi.c.o
                0x0202a990                ax32xx_spi0Init
                0x0202abb0                ax32xx_spi0SendByte
                0x0202ac04                ax32xx_spi0RecvByte
                0x0202ac58                ax32xx_spi0Send0
                0x0202ad10                ax32xx_spi0Recv0
                0x0202adc8                ax32xx_spi0CS0Config
                0x0202ae0c                spi1_pin_config
                0x0202aedc                hal_spi1Init
                0x0202af54                spi1_send_byte
                0x0202afc4                spi1_receive_byte
                0x0202b00c                spi1_recevie_dma
                0x0202b0a4                spi1_send_dma
                0x0202b140                spi1_enable
 .text          0x0202b184      0xb74 ./Debug/src_ax32xx_rtc.c.o
                0x0202b184                ax32xx_rtcWriteByte
                0x0202b1d4                ax32xx_rtcReadByte
                0x0202b238                ax32xx_rtcRamRead
                0x0202b2d4                ax32xx_rtcRamWrite
                0x0202b370                ax32xx_rtcDataRead
                0x0202b3f8                ax32xx_rtcDataWrite
                0x0202b480                ax32xx_rtcInit
                0x0202b530                ax32xx_rtcIRQHandler
                0x0202b5e8                ax32xx_rtcSencodEnable
                0x0202b664                ax32xx_rtcAlamEnable
                0x0202b74c                ax32xx_rtcAlamSet
                0x0202b794                ax32xx_rtcGet
                0x0202b7e8                ax32xx_rtcSet
                0x0202b830                ax32xx_WKOEnable
                0x0202b88c                ax32xx_VDDGSENEnable
                0x0202b8fc                ax32xx_WKI0InputEnable
                0x0202b96c                ax32xx_WKI1InputEnable
                0x0202b9dc                ax32xx_WKI1Read
                0x0202ba00                ax32xx_WKI0Read
                0x0202ba24                ax32xx_WKI1WakeupEnable
                0x0202bb8c                ax32xx_WKI1WakeupTriger
                0x0202bbdc                ax32xx_WKI1CleanPending
                0x0202bc18                ax32xx_rtcBatDecEnable
                0x0202bc88                ax32xx_rtcSenHVEnable
 .text          0x0202bcf8      0x7e8 ./Debug/src_ax32xx_iic.c.o
                0x0202bdb0                software_iic_sdaout
                0x0202bde4                software_iic_sdain
                0x0202be18                software_iic_sda_set
                0x0202be44                software_iic_scl_set
                0x0202be70                software_iic_sda_get
                0x0202be98                software_iic_init
                0x0202bec8                software_iic_start
                0x0202bf40                software_iic_stop
                0x0202bfb8                software_iic_wait_ack
                0x0202c070                ax32xx_iic0Init
                0x0202c130                ax32xx_iic0Uninit
                0x0202c174                ax32xx_iic0Start
                0x0202c190                ax32xx_iic0Stop
                0x0202c1d0                ax32xx_iic0RecvACK
                0x0202c1f8                ax32xx_iic0SendACK
                0x0202c21c                ax32xx_iic0SendByte
                0x0202c26c                ax32xx_iic0RecvByte
                0x0202c2c0                ax32xx_iic1Init
                0x0202c2e8                ax32xx_iic1Uninit
                0x0202c32c                ax32xx_iic1Start
                0x0202c348                ax32xx_iic1Stop
                0x0202c3a8                ax32xx_iic1RecvACK
                0x0202c3d0                ax32xx_iic1SendACK
                0x0202c3f4                ax32xx_iic1SendByte
                0x0202c464                ax32xx_iic1RecvByte
 .text          0x0202c4e0      0x66c ./Debug/src_ax32xx_dac.c.o
                0x0202c520                ax32xx_dacIRQHandler
                0x0202c5f4                ax32xx_dacSampleRateSet
                0x0202c664                ax32xx_dacEnable
                0x0202c6e8                ax32xx_dacVolumeSet
                0x0202c760                ax32xx_dacBufferSet
                0x0202c780                ax32xx_dacBufferFlush
                0x0202c7a0                ax32xx_dacReset
                0x0202c7c4                ax32xx_dacStart
                0x0202c840                ax32xx_dacStop
                0x0202c870                ax32xx_dacISRRegister
                0x0202c890                ax32xx_dacHPSet
                0x0202c924                eq_coeff_init
                0x0202c994                eq_gain_init
                0x0202ca04                ax32xx_dacInit
 .text          0x0202cb4c      0x114 ./Debug/src_ax32xx_adc.c.o
                0x0202cb4c                ax32xx_adcEnable
                0x0202cbb4                ax32xx_adcSetBaudrate
                0x0202cbe4                ax32xx_adcConverStart
                0x0202cc08                ax32xx_adcRead
 .text          0x0202cc60      0x4d0 ./Debug/src_ax32xx_auadc.c.o
                0x0202cc60                ax32xx_auadcIRQHandler
                0x0202ccf0                ax32xx_auadcHalfIRQRegister
                0x0202cd10                ax32xx_auadcEndIRQRegister
                0x0202cd30                ax32xx_auadcEnable
                0x0202ce28                ax32xx_auadcAGCEnable
                0x0202ceb8                ax32xx_auadcGainSet
                0x0202cf34                ax32xx_auadcBufferSet
                0x0202cf94                ax32xx_auadcInit
                0x0202d038                ax32xx_auadcSetSampleSet
                0x0202d11c                agc_gain_mnt
 .text          0x0202d130      0x298 ./Debug/src_jpeg_table.c.o
                0x0202d130                jpegA_table_init
                0x0202d2ac                ax32xx_mjpB_tab_init
 .text          0x0202d3c8      0xd68 ./Debug/src_ax32xx_usb.c.o
                0x0202d3c8                _usb_bulk_tx
                0x0202d504                _usb_bulk_rx
                0x0202d610                _usb_iso_kick
                0x0202d700                _iso_wait_txdown
                0x0202d770                usb_iso_tx
                0x0202d870                usb_burst_reset
                0x0202d8bc                usb_host_reset
                0x0202d908                usb_phyreset_as_typeb
                0x0202da50                usb_phyreset_as_typea
                0x0202db9c                usb_insert
                0x0202dbb0                usb_check_hal
                0x0202dbc4                get_u32softcnt
                0x0202dbe4                ax32xx_usbIRQHanlder
                0x0202dcd8                ax32xx_usbCallbackRegister
                0x0202dd14                ax32xx_usb_hostIRQHanlder
                0x0202dd28                usb_device_check
                0x0202ddf0                ax32xx_usbPhyPllEnable
                0x0202de98                usb11_registers_write
                0x0202dec4                usb11_registers_read
                0x0202defc                usb_memcpy
                0x0202df70                usb_phyreset_as_typea11
                0x0202df84                usb11_host_reset
                0x0202df98                ax32xx_usb11_hostIRQHanlder
                0x0202dfac                usb20_host_check
                0x0202e074                usb11HostCheckNoWait
                0x0202e088                usb11_host_check
                0x0202e09c                usb20_phyreset_as_filter
 .text          0x0202e130      0x210 ./Debug/src_ax32xx_misc.c.o
                0x0202e130                str_seek
                0x0202e19c                dec_num2str
                0x0202e1dc                char_2_hex
                0x0202e230                data_check
                0x0202e270                pointer_check
                0x0202e294                half_word_memcpy
                0x0202e2cc                word_memcpy
                0x0202e304                word_reg_memcpy
 .text          0x0202e340      0x14c ./Debug/src_ax32xx_pip.c.o
                0x0202e340                ax32xx_pipConfig
                0x0202e3bc                ax32xx_pipEnable
                0x0202e400                ax32xx_pipCounterReset
                0x0202e440                ax32xx_pipGetTopLayer
                0x0202e464                ax32xx_pipGetBotLayer
 .text          0x0202e48c        0x0 ./Debug/src_ax32xx_btuart.c.o
 .text          0x0202e48c        0x0 ./Debug/src_ax32xx_crc.c.o
 .text          0x0202e48c      0x26c ./Debug/src_ax32xx_emi.c.o
                0x0202e48c                ax32xx_emiInit
                0x0202e5c8                ax32xx_emiISRRegister
                0x0202e5fc                ax32xx_emiIRQHandler
                0x0202e658                ax32xx_emiKick
                0x0202e6b4                ax32xx_emiCheckBusy
                0x0202e6d4                ax32xx_emiCheckRXError
 .text          0x0202e6f8      0x278 ./Debug/src_ax32xx_rotate.c.o
                0x0202e6f8                ax32xx_rotateISRRegiser
                0x0202e718                ax32xx_rotateCheckBusy
                0x0202e738                ax32xx_rotateReset
                0x0202e784                ax32xx_rotateStart
                0x0202e89c                ax32xx_rotateWaitFrameDone
                0x0202e8f0                ax32xx_rotateIRQHandler
                0x0202e940                ax32xx_rotateGetSrcYAddr
 .text          0x0202e970      0x370 ./Debug/src_ax32xx_osdcmp.c.o
                0x0202e970                ax32xx_osdcmpISRRegiser
                0x0202e990                ax32xx_osdcmpCheckBusy
                0x0202e9b4                ax32xx_osdcmpReset
                0x0202ea00                ax32xx_osdcmpGetCompSize
                0x0202ea20                ax32xx_osdcmpKick
                0x0202eaf4                ax32xx_osdcmpWaitFrameDone
                0x0202eb8c                ax32xx_osdcmpCompOneFrame
                0x0202ec94                ax32xx_osdcmpIRQHandler
 .text          0x0202ece0       0x3c ./Debug/src_ax32xx_isp.c.o
                0x0202ece0                ax32xx_ispModeSet
 .text          0x0202ed1c      0xd68 ./Debug/osd_ax32xx_osd.c.o
                0x0202ed1c                ax32xx_deWait
                0x0202ed78                ax32xx_deUpdate
                0x0202ed9c                ax32xx_deGetUpdateStatus
                0x0202edc0                ax32xx_deIRQHandler
                0x0202ee20                ax32xx_deISRRegister
                0x0202ee40                ax32xx_deInit
                0x0202eebc                ax32xx_deSetBackground
                0x0202eef0                ax32xx_deSetCSC
                0x0202ef3c                ax32xx_videoSetDither
                0x0202efdc                ax32xx_videoSetScale
                0x0202f028                ax32xx_videoSetScaleLine
                0x0202f098                ax32xx_videoSetScanMode
                0x0202f0e4                ax32xx_videoGetYAddr
                0x0202f114                ax32xx_videoGetUVAddr
                0x0202f144                ax32xx_videoSetAddr
                0x0202f160                ax32xx_videoSetStride
                0x0202f184                ax32xx_videoSetSize
                0x0202f1bc                ax32xx_videoSetPosition
                0x0202f1e4                ax32xx_videoCopyCfg
                0x0202f24c                ax32xx_videoEnable
                0x0202f290                ax32xx_degamma_cfg
                0x0202f2b0                ax32xx_videoGammaRed
                0x0202f2f4                ax32xx_videoGammaGreen
                0x0202f338                ax32xx_videoGammaBlue
                0x0202f37c                ax32xx_deSetGAMA
                0x0202f400                ax32xx_deSet_DE_CCM
                0x0202f4e8                ax32xx_deSet_DE_SAJ
                0x0202f554                ax32xx_videoGammaEnable
                0x0202f598                ax32xx_osdEnable
                0x0202f604                ax32xx_osdSetSize
                0x0202f658                ax32xx_osdSetPosition
                0x0202f6ac                ax32xx_osdSetPalette
                0x0202f6f4                ax32xx_osdSetAddr
                0x0202f7b0                ax32xx_osdGetAddr
                0x0202f800                ax32xx_osdSetAlpha
                0x0202f86c                ax32xx_osdSetUpscaler
                0x0202fa34                ax32xx_osdEncodeOneCode
 .text          0x0202fa84      0xfc8 ./Debug/csi_ax32xx_csi.c.o
                0x0202fa84                hal_csi_fcnt_get
                0x0202fab4                ax32xx_csiIRQHandler
                0x0202fd44                ax32xx_csiISRRegiser
                0x0202fd80                ax32xx_csiMJPEGFrameSet
                0x0202fdf0                ax32xx_csihv_tomjp_dma_cfg
                0x0202fe7c                ax32xx_csi_only_FrameSet
                0x0202fe9c                ax32xx_csiYUVFrameSet
                0x0202feb0                ax32xx_csiIOConfig
                0x0202ff08                ax32xx_csiInit
                0x0202ff34                ax32xx_csiMclkSet
                0x0202fff8                ax32xx_csi_set_mclk_free
                0x02030040                ax32xx_csiSyncSet
                0x020300a4                ax32xx_csiPrioritySet
                0x020300e8                ax32xx_csiTypeSet
                0x02030154                ax32xx_csiModeSet
                0x02030190                ax32xx_pclk_fir_Set
                0x020301f8                ax32xx_pclk_analog_Set
                0x02030248                ax32xx_pclk_inv_Set
                0x0203028c                ax32xx_csi_clk_tun_Set
                0x020302d4                ax32xx_csiSizeSet
                0x0203030c                ax32xx_csiInputAddrSet
                0x02030324                ax32xx_csiTestModeSet
                0x0203038c                ax32xx_csiDvpClkDivSet
                0x020303d4                ax32xx_csiLCDFrameSet
                0x02030400                ax32xx_csiLCDDmaEnable
                0x0203049c                ax32xx_csiLCDDmaKick
                0x020304e0                ax32xx_csiLCDScaler
                0x020306bc                ax32xx_csiScaler
                0x02030804                ax32xx_hvScaler
                0x02030958                ax32xx_csiScalerCheck
                0x02030980                ax32xx_csiOutputSet
                0x020309bc                ax32xx_csiEnable
 .text          0x02030a4c      0xd70 ./Debug/lcd_ax32xx_lcd.c.o
                0x02030a4c                ax32xx_lcdSPIMode
                0x02030a78                ax32xx_lcdSPIInit
                0x02030b28                ax32xx_lcdSPIUninit
                0x02030b64                ax32xx_lcdSPISendData
                0x02030cd8                ax32xx_lcdMcuSendCmd
                0x02030d3c                ax32xx_lcdMcuSendData
                0x02030d90                ax32xx_lcdMcuSendCmd16
                0x02030e14                ax32xx_lcdMcuSendData16
                0x02030e98                ax32xx_lcdInit
                0x02030ee4                ax32xx_lcdIRQEnable
                0x02030f2c                ax32xx_lcdPreLineSet
                0x02030f48                ax32xx_lcdSignalSet
                0x02030fe0                ax32xx_lcdBusWidth
                0x02031034                ax32xx_lcdBusEnable
                0x02031084                ax32xx_lcdClkSet
                0x020310a4                ax32xx_lcdSyncSet
                0x020310c8                ax32xx_lcdDESignalSet
                0x020310ec                ax32xx_lcdPositionSet
                0x02031108                ax32xx_lcdResolutionSet
                0x02031124                ax32xx_lcdWindowSizeSet
                0x02031140                ax32xx_lcdDataModeSet
                0x02031184                ax32xx_lcdClkNumberSet
                0x0203119c                ax32xx_lcdEndLineSet
                0x020311b8                ax32xx_lcdPanelMode
                0x02031200                ax32xx_lcdEnable
                0x02031264                ax32xx_lcdTeMode
                0x020312ac                ax32xx_lcdKick
                0x020312e4                ax32xx_lcdIRQHandler
                0x02031454                ax32xx_lcdISRRegister
                0x02031498                ax32xx_lcdReset
                0x02031504                ax32xx_lcdMCUIOConfig
                0x020315e8                ax32xx_lcdRGBIOConfig
                0x020316cc                ax32xx_lcd_lsawbtooth
 .text          0x020317bc     0x1f10 ./Debug/mjpeg_ax32xx_mjpeg.c.o
                0x020317bc                ax32xx_mpegPrint
                0x02031c38                ax32xx_mjpB_reset
                0x02031ca4                ax32xx_mjpegAIRQHandler
                0x02031cf8                ax32xx_mjpeg_encode_check
                0x02031e64                ax32xx_mjpB_employ
                0x02031e90                ax32xx_mjpB_dcdown_reg
                0x02031eb0                ax32xx_mjB_as_dcode
                0x02031edc                ax32xx_mjpegEA_ncodeISRRegister
                0x02031efc                ax32xx_mjpegEB_ncodeISRRegister
                0x02031f1c                ax32xx_mjpegEA_ncodeISR
                0x02031f48                ax32xx_mjpegDecodeISRRegister
                0x02031f68                ax32xx_mjpegEncodeBufferSet
                0x02031fb4                ax32xx_mjpegEncodeEnable
                0x020320a4                ax32xx_mjpegEncode_wifi_Enable
                0x02032194                ax32xx_mjpegEncodeSizeSet
                0x0203223c                ax32xx_mjpegEncodeQuilitySet
                0x02032284                cal_jA_1s_size
                0x020322b4                ax32xx_mjpegEncodeQadj
                0x02032398                ax32xx_mjpegEncodeInfoSet
                0x020323e0                ax32xx_mjpegEncodeLoadAddrGet
                0x020323fc                ax32xx_mjpeg_inlinebuf_init
                0x02032418                ax32xx_mjpegEncodeInit
                0x02032650                ax32xx_mjpeg_manual_on
                0x02032698                ax32xx_mjpeg_manual_stop
                0x020326bc                ax32xx_mjpegDecodeScalerCal
                0x0203278c                ax32xx_mjpegDecodeSetSize
                0x020329b0                ax32xx_mjpegDecodeOutputSet
                0x020329cc                ax32xx_mjpegDecodeInputSet
                0x02032a04                ax32xx_mjpegDecodeDriSet
                0x02032a1c                ax32xx_mjpegDecodeCompressSet
                0x02032a34                ax32xx_mjpegDecodeInitTable
                0x02032a78                ax32xx_mjpegDecodeInit
                0x02032c7c                ax32xx_mjpegDecodeDCTimeSet
                0x02032d1c                ax32xx_mjpegDecodeEnable
                0x02032d98                ax32xx_mjpegDecodeKick
                0x02032df0                ax32xx_mjpegDecodeStop
                0x02032e2c                ax32xx_mjpegBIRQHandler
                0x02032f28                ax32xx_mjpegDecodeQDTCfg
                0x02032f88                ax32xx_mjpegDecodeStatus
                0x02032fbc                ax32xx_mjpegDecodeCheck
                0x02032fec                ax32xx_mjpegDecodeODma1Cfg
                0x02033080                ax32xx_mjpB_Ctl_init
                0x02033334                ax32xx_mjpB_Linebuf_cfg
                0x02033350                ax32xx_mjpB_dma_cfg
                0x0203337c                ax32xx_mjpB_stop
                0x020333e4                ax32xx_mjpB_on
                0x02033430                ax32xx_mjpB_stop_2
                0x02033484                ax32xx_mjpegB_encode_check
                0x020335f8                ax32xx_mjpB_on_2
                0x02033630                jpeg1_decode_check
 .text          0x020336cc        0x0 ./Debug/resource_user_icon.c.o
 .text          0x020336cc        0x0 ./Debug/resource_user_str.c.o
 .text          0x020336cc      0x110 ./Debug/src_hal_adc.c.o
                0x020336cc                hal_adcInit
                0x02033708                hal_adcRead
                0x02033734                hal_adcSetChannel
                0x02033780                hal_adcGetChannel
                0x020337bc                hal_adcVDDRTCCalculate
 .text          0x020337dc       0xf0 ./Debug/src_hal_csi.c.o
                0x020337dc                hal_csiMCLKSet
                0x020337fc                hal_csiRegister
                0x02033830                hal_csiResolutionGet
                0x0203388c                hal_csiAdptGet
                0x020338ac                hal_csi_SeninitGet
 .text          0x020338cc      0x24c ./Debug/src_hal_dac.c.o
                0x02033914                hal_dacInit
                0x0203396c                hal_dacPlayStart
                0x02033a18                hal_dacPlayStop
                0x02033a44                hal_dacSetVolume
                0x02033aa8                hal_dacSetBuffer
                0x02033acc                hal_dacCallBackRegister
                0x02033af0                hal_dacHPSet
 .text          0x02033b18        0x0 ./Debug/src_hal_eeprom.c.o
 .text          0x02033b18      0x2cc ./Debug/src_hal_gpio.c.o
                0x02033b18                hal_gpioInit
                0x02033bc0                hal_gpioInit_io1d1
                0x02033c68                hal_io1d1_softstart
                0x02033c98                hal_io1d1_softstart_clr
                0x02033cc0                hal_io1d1_pd_enable
                0x02033ce8                hal_gpioEPullSet
                0x02033d44                hal_gpioWrite
                0x02033d6c                hal_gpioRead
                0x02033d90                hal_gpioIntInit
                0x02033db8                hal_gpioLedInit
 .text          0x02033de4      0x64c ./Debug/src_hal_iic.c.o
                0x02033de4                hal_iic0Init
                0x02033e10                hal_iic0Uninit
                0x02033e30                hal_iic08bitAddrWriteData
                0x02033ecc                hal_iic08bitAddrReadData
                0x02033f84                hal_iic08bitAddrWrite
                0x02034044                hal_iic08bitAddrRead
                0x02034118                hal_iic016bitAddrWriteData
                0x020341c0                hal_iic016bitAddrReadData
                0x02034284                hal_iic016bitAddrWrite
                0x02034350                hal_iic016bitAddrRead
 .text          0x02034430     0x17e0 ./Debug/src_hal_lcd.c.o
                0x020346f8                hal_lcdSetBufYUV
                0x0203478c                hal_lcd_vde_cfg
                0x020347c4                hal_lcd_gamma_cfg
                0x020347d8                usb_lcd_cfg
                0x020347ec                lcd_isp_config
                0x02034800                hal_lcdLCMPowerOff
                0x02034878                hal_lcdPreviewStop
                0x020348c4                hal_lcdSetShowingSize
                0x020348dc                hal_lcdSetRoate
                0x020348f4                hal_lcdDealBuffer
                0x020349a8                hal_lcdGetShowingBuffer
                0x02034a0c                hal_lcdGetIdleBuffer
                0x02034a4c                hal_lcdPreviewStart
                0x02034b90                hal_lcdSetFrame
                0x02034bb8                vch_debug
                0x02034ca4                hal_lcdSetVCH
                0x02034d7c                hal_lcdUpdataVCH
                0x02034e78                hal_lcdSwitchFrame2
                0x020350f8                hal_lcdPreSetPIPEnable
                0x02035118                hal_lcdSetPIPEnable
                0x02035150                hal_lcdGetResolution
                0x020351d4                hal_lcdGetOSDShowingResolution
                0x02035230                hal_lcdGetOSDShowingPosition
                0x0203528c                hal_lcdGetShowingRotate
                0x020352bc                hal_lcdGetBufferResolution
                0x02035318                hal_lcdGetVideoPos
                0x02035374                deocode_done
                0x020353d4                hal_lcd_get_next_frame
                0x02035484                lcd_struct_get
                0x020354a4                hal_lcdFrameEndCallBack
                0x020354f0                hal_lcdRegister
                0x02035b8c                hal_lcd_lsawtooth
                0x02035bac                hal_lcdSetCsiCrop
 .text          0x02035c10      0x75c ./Debug/src_hal_osd.c.o
                0x02035c10                hal_osdGetIdleRotateBuffer
                0x02035c34                hal_osdGetIdleCmpBuffer
                0x02035c58                hal_osdGetIdleDispBuffer
                0x02035c7c                hal_osdBufferRelease
                0x02035ca4                hal_osdDealBuffer
                0x02035d24                hal_osdInit
                0x02035fc8                hal_osdGetCurBuff
                0x02036008                hal_osdGetFreeBuff
                0x02036058                hal_osdSetBuff
                0x020360c0                hal_osdEnable
                0x020360fc                hal_osdSetAddr
                0x02036138                hal_osdSetBuffer
                0x020361b8                hal_osdSetPosition
                0x02036200                hal_osdSetPalette
                0x02036238                hal_osdSetSize
                0x02036278                hal_osdSetAlpha
                0x020362b8                hal_osdGetBufferResolution
                0x0203631c                hal_deSet_DE_CCM
                0x02036344                hal_deSet_DE_SAJ
 .text          0x0203636c      0xc88 ./Debug/src_hal_rtc.c.o
                0x02036398                hal_rtcCallBackRegister
                0x020363f8                hal_rtcCallBackRelease
                0x02036434                hal_rtcUninit
                0x02036470                hal_rtcTimeGet
                0x0203648c                hal_rtcTimeGetExt
                0x020364c0                hal_rtcSecondGet
                0x020364e0                hal_rtcTime2String
                0x02036794                hal_rtcTime2StringExt
                0x020367f8                hal_rtcLeapYear
                0x02036a14                hal_rtcTime
                0x02036b28                hal_rtcInit
                0x02036c50                hal_rtcSecondSet
                0x02036c8c                hal_rtcValue
                0x02036d9c                hal_rtcTimeSet
                0x02036e3c                hal_rtcAlarmSet
                0x02036ecc                hal_rtcAlarmSetExt
                0x02036f70                hal_rtcAlarmStatusGet
                0x02036fac                hal_vddWKOEnable
                0x02036fd0                hal_vddGSENEnable
 .text          0x02036ff4      0xafc ./Debug/src_hal_sd.c.o
                0x02037090                hal_sdStop
                0x02037320                hal_sdNextLBA
                0x02037340                hal_sdInit
                0x020377c8                hal_sdUninit
                0x020377f4                hal_sdLock
                0x02037834                hal_sdUnlock
                0x02037860                hal_sdCheck
                0x020378d4                hal_sdSetCardState
                0x020378f4                hal_sdGetCardState
                0x02037914                hal_sdGetBusWidth
                0x02037934                hal_sdCapacity
                0x02037954                hal_sdExist
                0x0203797c                hal_sdWrite
                0x02037a1c                hal_speed_callback
                0x02037a70                hal_sdRead
 .text          0x02037af0      0xad4 ./Debug/src_hal_spi.c.o
                0x02037af0                hal_spiIOShare
                0x02037b08                hal_spiIOCheck
                0x02037b1c                hal_spiInit
                0x02037b48                hal_spiSendByte
                0x02037b6c                hal_spiSend
                0x02037b8c                hal_spiRecvByte
                0x02037bac                hal_spiRecv
                0x02037bec                hal_spiCSConfig
                0x02037c10                hal_spiFlashReadID
                0x02037c70                hal_spiFlashWriteEnable
                0x02037ca4                hal_spiFlashWait
                0x02037d28                hal_spiFlashReadPage
                0x02037da0                hal_spiFlashRead
                0x02037e68                hal_spiFlashWritePage
                0x02037ee8                hal_spiFlashWrite
                0x02037f84                hal_spiFlashEraseSector
                0x02037ff0                hal_spiFlashEraseBlock
                0x02038054                hal_spiFlashEraseChip
                0x02038090                spi_udisk_jpg_num
                0x020380b0                spi_udisk_write_jpg
                0x020382e0                spi_udisk_del_jpg
                0x02038374                spi_udisk_read_jpg_size
                0x0203838c                spi_udisk_read_jpg
                0x02038428                spi_udisk_get_list_idx
                0x02038470                spi_udisk_format
                0x02038508                spi_udisk_init
                0x02038598                spi_udisk_jpg_free_num
 .text          0x020385c4      0x128 ./Debug/src_hal_timer.c.o
                0x020385c4                hal_timerStart
                0x020385e8                hal_timerStop
                0x0203860c                hal_timerEnable
                0x02038644                hal_timerTickEnable
                0x0203867c                hal_timerTickGet
                0x0203869c                hal_timerPWMStart
                0x020386c8                hal_timerPWMStop
 .text          0x020386ec      0x67c ./Debug/src_hal_uart.c.o
                0x02038750                hal_uartIOShare
                0x02038790                hal_uartIOShareCheck
                0x020387d8                hal_uartInit
                0x02038828                hal_uartSendData
                0x0203884c                hal_uartRXIsrRegister
                0x0203886c                uart_PutChar_n
                0x020388a0                uart_PutStr
                0x020388e0                uart_Put_hex
                0x02038a0c                uart_Put_udec
                0x02038aa0                uart_Put_dec
                0x02038b48                uart_Printf
                0x02038c8c                uart_PrintfBuf
                0x02038d24                hal_uartPrintString
 .text          0x02038d68      0x64c ./Debug/src_hal_watermark.c.o
                0x02038dd0                hal_watermarkInit
                0x02038e80                hal_watermarkClose
                0x02038f18                hal_watermarkClear
                0x02038f98                hal_watermarkOpen
                0x02039038                hal_watermarkColor
                0x0203908c                hal_watermarkAddr
                0x020390a4                hal_watermarkSize
                0x020390f0                hal_watermarkPosition
                0x0203913c                hal_watermarkCallbackRegister
                0x02039184                hal_watermarkRam
                0x02039224                hal_watermarkEnable
                0x02039394                hal_watermarkBPos_Adjust
 .text          0x020393b4      0x3c4 ./Debug/src_hal_sys.c.o
                0x020393fc                hal_sysInit
                0x02039518                hal_sysMemPrint
                0x02039548                hal_sysMemMalloc
                0x02039618                hal_sysMemFree
                0x0203970c                hal_sysMemRemain
 .text          0x02039778      0xa74 ./Debug/src_hal_auadc.c.o
                0x02039778                _hal_auadcCallBackEnd
                0x02039874                _hal_auadcCallBackHalf
                0x020398cc                hal_audc_33ms_syncnt_clr
                0x020398f8                hal_audc_stamp_cal
                0x02039924                hal_audc_stamp_out
                0x02039978                hal_audc_stamp_next
                0x020399d4                hal_auadcCallBackEnd
                0x02039a50                hal_auadcInit
                0x02039a98                hal_auadcMemInit
                0x02039b3c                hal_auadcMemUninit
                0x02039bb0                hal_auadc_cnt
                0x02039be0                _hal_auadcStartForUAC
                0x02039cc0                hal_auadcStartForWAV
                0x02039cd8                hal_auadcStartForAVI
                0x02039dfc                hal_auadcBufferGet
                0x02039edc                hal_auadcBufferfree
                0x02039f08                hal_auadcStop
                0x02039f30                hal_auadcBufferRelease
                0x02039f58                hal_auadcUACProcess
                0x0203a038                hal_adcBuffer_prefull
                0x0203a09c                hal_adcBuffer_halffull
                0x0203a0b4                hal_adc_volume_set
                0x0203a0d4                hal_uac_send
                0x0203a138                hal_auadcStartForUAC
 .text          0x0203a1ec     0x3230 ./Debug/src_hal_mjpeg.c.o
                0x0203a1ec                hal_mjpegStart
                0x0203a21c                hal_save_frame_isr
                0x0203a3c8                hal_mjpeg_manual_on
                0x0203a448                hal_mjpegQualityCheck
                0x0203a510                hal_mjpegCallback_state
                0x0203a54c                hal_mjpegCallback
                0x0203a798                hal_mjpeg_manual_fdown
                0x0203abbc                hal_jA_fcnt_get
                0x0203abec                hal_mjpeg_mallocbuf
                0x0203ac0c                hal_mjpegEncodeResolutionImageQuad
                0x0203ac50                hal_mjpegSrcCSI
                0x0203ad94                hal_mjpegSrcRam
                0x0203ada8                hal_mjpegSrcColorBar
                0x0203ae30                hal_Cut_SDR_SrcCSI
                0x0203af04                hal_mjpegMemInit
                0x0203b054                hal_mjpegMemUninit
                0x0203b0d4                hal_mjpegEncodeInit
                0x0203b138                hal_mjpegEncodeUninit
                0x0203b188                hal_mjpegEncodeResolution
                0x0203b1c4                hal_mjpegEncodeResolutionImage
                0x0203b200                hal_mjpegSizecalculate
                0x0203b22c                imageGetYuvAddr
                0x0203b260                hal_mjpeg_get_num
                0x0203b280                imageGetYuvLen
                0x0203b2a0                hal_mjpeg_rev_buf_init
                0x0203b35c                hal_mjpeg_rev_buf_malloc
                0x0203b3c8                hal_mjpeg_rev_buf_free
                0x0203b414                hal_mjpeg_queue_init
                0x0203b4b4                hal_mjpeg_post_msg
                0x0203b544                hal_mjpeg_manual_quad_on
                0x0203b5ac                hal_mjpeg_manual_quad_fdown
                0x0203b7b4                hal_mjpeg_manual_get_csi_yuv_sta
                0x0203b7d4                hal_mjpeg_software_handle_csi_yuvbuf
                0x0203b83c                hal_mjpegUVCStart
                0x0203bb4c                hal_mjpegPhotoStart
                0x0203bf40                hal_mjpegAVIStart
                0x0203c35c                hal_mjpegRawDataGet
                0x0203c374                hal_mjpegRawBuffer_prefull
                0x0203c3e4                hal_mjpegRawBuffer_halffull
                0x0203c454                hal_mjpegRawBufferfree
                0x0203c47c                hal_mjpegRawBufferGet
                0x0203c5ec                hal_mjpegRawDataSet
                0x0203c614                hal_mjpegHeaderParse
                0x0203cca0                hal_mjpegDecodeGetResolution
                0x0203cce8                hal_mjpegDecodeSetResolution
                0x0203cd0c                hal_mjpeglDecodeGetResolution
                0x0203cd44                hal_mjpeglDecodeSetResolution
                0x0203cd70                hal_mjpegDecodeStatusCheck
                0x0203cd90                hal_mjpegDecodeErrorCheck
                0x0203cdb0                hal_mjpegDecodeMiniSize
                0x0203cf34                hal_mjpegDecodeStop
                0x0203cf54                hal_mjpegDecodeReset
                0x0203cf80                hal_mjpegDecodePicture
                0x0203cff0                hal_mjpegDecodeNoIsr
                0x0203d05c                hal_mjpg_scale_down
                0x0203d174                hal_mjpegDecodeParse
                0x0203d1a4                hal_mjpegDecodeOneFrame
                0x0203d1fc                hal_mjpegDecodeOneFrame_Ext
                0x0203d284                hal_mjpegDecodeRestart_Ext
                0x0203d2f0                hal_mjpegDecodeOneFrame_Fast
                0x0203d3b4                hal_mjpegDecodeODma1Cfg
                0x0203d3d8                hal_curBuffer_clear
 .text          0x0203d41c       0x34 ./Debug/src_hal_int.c.o
                0x0203d41c                hal_intInit
 .text          0x0203d450        0x0 ./Debug/src_hal_wdt.c.o
 .text          0x0203d450      0x4bc ./Debug/src_hal_stream.c.o
                0x0203d450                hal_streamInit
                0x0203d548                hal_streamMalloc
                0x0203d630                hal_streamIn_Drop
                0x0203d694                hal_streamIn
                0x0203d730                hal_streamOut