Archive member included because of file (symbol)

../bwlib\liblimage.a(imageL_encode.o)
                              ./Debug/taskPhotoEncode.c.o (imageEncodeQuadStart)
../bwlib\libeffect.a(user_effect.o)
                              ./Debug/multimedia_user_media.c.o (warpHandle)
../bwlib\libmp3.a(mp3_decode_api.o)
                              ./Debug/taskAudioPlayer.c.o (mp3_dac_memInit)
../bwlib\libmp3.a(decoder.o)  ../bwlib\libmp3.a(mp3_decode_api.o) (mad_decoder_init)
../bwlib\libmp3.a(stream.o)   ../bwlib\libmp3.a(decoder.o) (mad_stream_init)
../bwlib\libmp3.a(synth.o)    ../bwlib\libmp3.a(decoder.o) (mad_synth_init)
../bwlib\libmp3.a(bit.o)      ../bwlib\libmp3.a(stream.o) (mad_bit_init)
../bwlib\libmp3.a(frame.o)    ../bwlib\libmp3.a(decoder.o) (mad_frame_finish)
../bwlib\libmp3.a(layer12.o)  ../bwlib\libmp3.a(frame.o) (mad_layer_I)
../bwlib\libmp3.a(timer.o)    ../bwlib\libmp3.a(frame.o) (mad_timer_set)
../bwlib\libmp3.a(layer3.o)   ../bwlib\libmp3.a(frame.o) (mad_layer_III)
../bwlib\libmp3.a(huffman.o)  ../bwlib\libmp3.a(layer3.o) (mad_huff_pair_table)
../bwlib\libsd.a(ax32xx_sd.o)
                              ./Debug/src_hal_sd.c.o (ax32xx_sd0Init)
../bwlib\libavi.a(aviEncoder.o)
                              ./Debug/video_video_record.c.o (aviEncodeInit)
../bwlib\libavi.a(encoder_std.o)
                              ../bwlib\libavi.a(aviEncoder.o) (avi_encoder_std)
../bwlib\libavi.a(encoder_odml.o)
                              ../bwlib\libavi.a(aviEncoder.o) (avi_odmlAddoffset)
../bwlib\libavi.a(aviDecoder.o)
                              ./Debug/video_video_playback.c.o (aviDecodeInit)
../bwlib\libavi.a(decoder_std.o)
                              ../bwlib\libavi.a(aviDecoder.o) (avi_standard)
../bwlib\libavi.a(decoder_odml.o)
                              ../bwlib\libavi.a(aviDecoder.o) (avi_opendml)
../bwlib\libfs.a(fs.o)        ./Debug/taskSysScanDevice.c.o (fs_nodeinit)
../bwlib\libfs.a(diskio.o)    ./Debug/main.c.o (fs_init)
../bwlib\libfs.a(ff.o)        ../bwlib\libfs.a(fs.o) (clst2sect)
../bwlib\libfs.a(ffunicode.o)
                              ../bwlib\libfs.a(ff.o) (ff_uni2oem)
C:/MinGW-4.7.1/or1k-elf/lib/no-delay\libc.a(lib_a-memcmp.o)
                              ../bwlib\libfs.a(ff.o) (memcmp)
C:/MinGW-4.7.1/or1k-elf/lib/no-delay\libc.a(lib_a-memcpy.o)
                              ./Debug/resource_manager.c.o (memcpy)
C:/MinGW-4.7.1/or1k-elf/lib/no-delay\libc.a(lib_a-memmove.o)
                              ./Debug/game_tetris.c.o (memmove)
C:/MinGW-4.7.1/or1k-elf/lib/no-delay\libc.a(lib_a-memset.o)
                              ./Debug/main.c.o (memset)
C:/MinGW-4.7.1/or1k-elf/lib/no-delay\libc.a(lib_a-strcasecmp.o)
                              ./Debug/resource_manager.c.o (strcasecmp)
C:/MinGW-4.7.1/or1k-elf/lib/no-delay\libc.a(lib_a-strcat.o)
                              ./Debug/resource_manager.c.o (strcat)
C:/MinGW-4.7.1/or1k-elf/lib/no-delay\libc.a(lib_a-strchr.o)
                              ../bwlib\libfs.a(ff.o) (strchr)
C:/MinGW-4.7.1/or1k-elf/lib/no-delay\libc.a(lib_a-strcmp.o)
                              ./Debug/resource_manager.c.o (strcmp)
C:/MinGW-4.7.1/or1k-elf/lib/no-delay\libc.a(lib_a-strcpy.o)
                              ./Debug/resource_manager.c.o (strcpy)
C:/MinGW-4.7.1/or1k-elf/lib/no-delay\libc.a(lib_a-strlen.o)
                              ./Debug/resource_manager.c.o (strlen)
C:/MinGW-4.7.1/or1k-elf/lib/no-delay\libc.a(lib_a-strncmp.o)
                              ./Debug/resource_manager.c.o (strncmp)
C:/MinGW-4.7.1/or1k-elf/lib/no-delay\libc.a(lib_a-strstr.o)
                              ../bwlib\liblimage.a(imageL_encode.o) (strstr)
C:/MinGW-4.7.1/or1k-elf/lib/no-delay\libc.a(lib_a-ctype_.o)
                              C:/MinGW-4.7.1/or1k-elf/lib/no-delay\libc.a(lib_a-strcasecmp.o) (__ctype_ptr__)
C:/MinGW-4.7.1/or1k-elf/lib/no-delay\libc.a(lib_a-memchr.o)
                              C:/MinGW-4.7.1/or1k-elf/lib/no-delay\libc.a(lib_a-strstr.o) (memchr)
C:/MinGW-4.7.1/lib/gcc/or1k-elf/4.9.1/no-delay\libgcc.a(_muldi3.o)
                              ../bwlib\libmp3.a(mp3_decode_api.o) (__muldi3)
C:/MinGW-4.7.1/lib/gcc/or1k-elf/4.9.1/no-delay\libgcc.a(_udivdi3.o)
                              ../bwlib\libmp3.a(mp3_decode_api.o) (__udivdi3)
C:/MinGW-4.7.1/lib/gcc/or1k-elf/4.9.1/no-delay\libgcc.a(addsf3.o)
                              ../bwlib\libeffect.a(user_effect.o) (__addsf3)
C:/MinGW-4.7.1/lib/gcc/or1k-elf/4.9.1/no-delay\libgcc.a(divsf3.o)
                              ../bwlib\libeffect.a(user_effect.o) (__divsf3)
C:/MinGW-4.7.1/lib/gcc/or1k-elf/4.9.1/no-delay\libgcc.a(eqsf2.o)
                              ../bwlib\libeffect.a(user_effect.o) (__eqsf2)
C:/MinGW-4.7.1/lib/gcc/or1k-elf/4.9.1/no-delay\libgcc.a(gesf2.o)
                              ../bwlib\libeffect.a(user_effect.o) (__gtsf2)
C:/MinGW-4.7.1/lib/gcc/or1k-elf/4.9.1/no-delay\libgcc.a(mulsf3.o)
[...]
Memory Configuration

Name             Origin             Length             Attributes
boot             0x01fffc00         0x00000200
ram_boot         0x00000000         0x00005000
ram_user         0x00000000         0x00005000
usbfifo          0x00008000         0x00001000
sdram            0x02000000         0x00200000
exsdram          0x00000000         0x00800000
*default*        0x00000000         0xffffffff

Linker script and memory map

LOAD ./Debug/ax32xx_reset.S.o
LOAD ./Debug/ax32xx_spi_boot_cfg.S.o
LOAD ./Debug/ax32xx_BLDRX32.S.o
LOAD ./Debug/main.c.o
LOAD ./Debug/resource_manager.c.o
LOAD ./Debug/board.c.o
LOAD ./Debug/board_bwv1.c.o
LOAD ./Debug/config.c.o
LOAD ./Debug/display.c.o
LOAD ./Debug/explorer.c.o
LOAD ./Debug/filelist.c.o
LOAD ./Debug/font.c.o
LOAD ./Debug/icon.c.o
LOAD ./Debug/configGetValue.c.o
LOAD ./Debug/configSystem.c.o
LOAD ./Debug/logo.c.o
LOAD ./Debug/menuMovieRec.c.o
LOAD ./Debug/msgDeal.c.o
LOAD ./Debug/msgSysRecommend.c.o
LOAD ./Debug/msgSysUnshielded.c.o
LOAD ./Debug/taskManage.c.o
LOAD ./Debug/taskPhotoEncode.c.o
LOAD ./Debug/taskPhotoEncodeMsg.c.o
LOAD ./Debug/taskPlayBack.c.o
LOAD ./Debug/taskPlayBackMsg.c.o
LOAD ./Debug/taskPowerOff.c.o
LOAD ./Debug/taskSysScanDevice.c.o
LOAD ./Debug/taskUsbDevice.c.o
LOAD ./Debug/taskVideoRecord.c.o
LOAD ./Debug/taskVideoRecordMsg.c.o
LOAD ./Debug/toolFunc.c.o
LOAD ./Debug/uiMenuDateTimeMsg.c.o
LOAD ./Debug/uiMenuDefaultMsg.c.o
LOAD ./Debug/uiMenuDelAllMsg.c.o
LOAD ./Debug/uiMenuDelCurMsg.c.o
LOAD ./Debug/uiMenuFormatMsg.c.o
LOAD ./Debug/uiMenuItemMsg.c.o
LOAD ./Debug/uiMenuOptionMsg.c.o
LOAD ./Debug/uiMenuUsbMsg.c.o
LOAD ./Debug/uiNoFileMsg.c.o
LOAD ./Debug/uiTips1Msg.c.o
LOAD ./Debug/uiTipsMsg.c.o
LOAD ./Debug/uiWin.c.o
LOAD ./Debug/uiMenuVersionMsg.c.o
LOAD ./Debug/taskAudioPlayer.c.o
LOAD ./Debug/taskAudioPlayerMsg.c.o
LOAD ./Debug/taskAudioPlayerRes.c.o
LOAD ./Debug/taskPhotoEncodeRes.c.o
LOAD ./Debug/taskPlayBackRes.c.o
LOAD ./Debug/taskVideoRecordRes.c.o
LOAD ./Debug/uiMenuDateTimeRes.c.o
LOAD ./Debug/uiMenuDefaultRes.c.o
LOAD ./Debug/uiMenuDelAllRes.c.o
LOAD ./Debug/uiMenuDelCurRes.c.o
LOAD ./Debug/uiMenuFormatRes.c.o
LOAD ./Debug/uiMenuItemRes.c.o
LOAD ./Debug/uiMenuOptionRes.c.o
LOAD ./Debug/uiMenuUsbRes.c.o
LOAD ./Debug/uiMenuVersionRes.c.o
LOAD ./Debug/uiNoFileRes.c.o
LOAD ./Debug/uiTips1Res.c.o
LOAD ./Debug/uiTipsRes.c.o
LOAD ./Debug/taskMainMenu.c.o
LOAD ./Debug/taskMainMenuMsg.c.o
LOAD ./Debug/taskMainMenuRes.c.o
LOAD ./Debug/taskSettingMenu.c.o
LOAD ./Debug/userInterface.c.o
LOAD ./Debug/upgrade.c.o
LOAD ./Debug/game_block.c.o
LOAD ./Debug/game_snake.c.o
LOAD ./Debug/game_sokoban.c.o
LOAD ./Debug/game_tetris.c.o
LOAD ./Debug/taskGame.c.o
LOAD ./Debug/taskGameMenu.c.o
LOAD ./Debug/taskGameMenuMsg.c.o
LOAD ./Debug/taskGameMenuRes.c.o
LOAD ./Debug/game_plane.c.o
LOAD ./Debug/game_maze.c.o
LOAD ./Debug/xos_x_cpu.c.o
LOAD ./Debug/xos_xmbox.c.o
LOAD ./Debug/xos_xmsgq.c.o
LOAD ./Debug/xos_xos.c.o
LOAD ./Debug/xos_xwork.c.o
LOAD ./Debug/multimedia_user_media.c.o
LOAD ./Debug/sUI_button.c.o
LOAD ./Debug/sUI_dialog.c.o
LOAD ./Debug/sUI_frameWin.c.o
LOAD ./Debug/sUI_imageIcon.c.o
LOAD ./Debug/sUI_itemManage.c.o
LOAD ./Debug/sUI_menuItem.c.o
LOAD ./Debug/sUI_menuItemEx.c.o
LOAD ./Debug/sUI_menuOption.c.o
LOAD ./Debug/sUI_progressBar.c.o
LOAD ./Debug/sUI_rect.c.o
LOAD ./Debug/sUI_stringIcon.c.o
LOAD ./Debug/sUI_tips.c.o
LOAD ./Debug/sUI_uiAlloc.c.o
LOAD ./Debug/sUI_widget.c.o
LOAD ./Debug/sUI_winManage.c.o
LOAD ./Debug/sUI_memPool.c.o
LOAD ./Debug/sUI_widgetManage.c.o
LOAD ./Debug/src_ax32xx_int.c.o
LOAD ./Debug/src_ax32xx_sys.c.o
LOAD ./Debug/src_ax32xx_dma.c.o
LOAD ./Debug/src_ax32xx_wdt.c.o
LOAD ./Debug/src_ax32xx_gpio.c.o
LOAD ./Debug/src_ax32xx_uart.c.o
LOAD ./Debug/src_ax32xx_timer.c.o
LOAD ./Debug/src_ax32xx_tminf.c.o
LOAD ./Debug/src_ax32xx_spi.c.o
LOAD ./Debug/src_ax32xx_rtc.c.o
LOAD ./Debug/src_ax32xx_iic.c.o
LOAD ./Debug/src_ax32xx_dac.c.o
LOAD ./Debug/src_ax32xx_adc.c.o
LOAD ./Debug/src_ax32xx_auadc.c.o
LOAD ./Debug/src_jpeg_table.c.o
LOAD ./Debug/src_ax32xx_usb.c.o
LOAD ./Debug/src_ax32xx_misc.c.o
LOAD ./Debug/src_ax32xx_pip.c.o
LOAD ./Debug/src_ax32xx_btuart.c.o
LOAD ./Debug/src_ax32xx_crc.c.o
LOAD ./Debug/src_ax32xx_emi.c.o
LOAD ./Debug/src_ax32xx_rotate.c.o
LOAD ./Debug/src_ax32xx_osdcmp.c.o
LOAD ./Debug/src_ax32xx_isp.c.o
LOAD ./Debug/osd_ax32xx_osd.c.o
LOAD ./Debug/csi_ax32xx_csi.c.o
LOAD ./Debug/lcd_ax32xx_lcd.c.o
LOAD ./Debug/mjpeg_ax32xx_mjpeg.c.o
LOAD ./Debug/resource_user_icon.c.o
LOAD ./Debug/resource_user_str.c.o
LOAD ./Debug/src_hal_adc.c.o
LOAD ./Debug/src_hal_csi.c.o
LOAD ./Debug/src_hal_dac.c.o
LOAD ./Debug/src_hal_eeprom.c.o
LOAD ./Debug/src_hal_gpio.c.o
LOAD ./Debug/src_hal_iic.c.o
LOAD ./Debug/src_hal_lcd.c.o
LOAD ./Debug/src_hal_osd.c.o
LOAD ./Debug/src_hal_rtc.c.o
LOAD ./Debug/src_hal_sd.c.o
LOAD ./Debug/src_hal_spi.c.o
LOAD ./Debug/src_hal_timer.c.o
LOAD ./Debug/src_hal_uart.c.o
LOAD ./Debug/src_hal_watermark.c.o
LOAD ./Debug/src_hal_sys.c.o
LOAD ./Debug/src_hal_auadc.c.o
LOAD ./Debug/src_hal_mjpeg.c.o
LOAD ./Debug/src_hal_int.c.o
LOAD ./Debug/src_hal_wdt.c.o
LOAD ./Debug/src_hal_stream.c.o
LOAD ./Debug/src_hal_emi.c.o
LOAD ./Debug/src_hal_osdcmp.c.o
LOAD ./Debug/src_hal_rotate.c.o
LOAD ./Debug/src_hal_lcdframe.c.o
LOAD ./Debug/src_hal_custom_yuv.c.o
LOAD ./Debug/dusb_hal_usb_api.c.o
LOAD ./Debug/dusb_hal_usb_dev_enum.c.o
LOAD ./Debug/dusb_hal_usb_msc.c.o
LOAD ./Debug/dusb_hal_usb_uac.c.o
LOAD ./Debug/dusb_hal_usb_uvc.c.o
LOAD ./Debug/audio_audio_playback.c.o
LOAD ./Debug/audio_audio_record.c.o
LOAD ./Debug/audio_ring_buffer.c.o
LOAD ./Debug/video_video_playback.c.o
LOAD ./Debug/video_video_record.c.o
LOAD ./Debug/image_image_decode.c.o
LOAD ./Debug/image_image_encode.c.o
LOAD ./Debug/wav_alaw.c.o
LOAD ./Debug/wav_imaadpcm.c.o
LOAD ./Debug/wav_pcm.c.o
LOAD ./Debug/wav_ulaw.c.o
LOAD ./Debug/wav_wav.c.o
LOAD ./Debug/stream_stream.c.o
LOAD ./Debug/cmos_sensor_cmos_sensor.c.o
LOAD ./Debug/cmos_sensor_SENSOR_BF3a03.c.o
LOAD ./Debug/cmos_sensor_SENSOR_BF2013.c.o
LOAD ./Debug/cmos_sensor_SENSOR_BF3703.c.o
LOAD ./Debug/cmos_sensor_SENSOR_GC0307.c.o
LOAD ./Debug/cmos_sensor_SENSOR_GC0308.c.o
LOAD ./Debug/cmos_sensor_SENSOR_GC0309.c.o
LOAD ./Debug/cmos_sensor_SENSOR_GC0328.c.o
LOAD ./Debug/cmos_sensor_SENSOR_OV7670.c.o
LOAD ./Debug/cmos_sensor_SENSOR_SP0838.c.o
LOAD ./Debug/cmos_sensor_SENSOR_SP0A18.c.o
LOAD ./Debug/cmos_sensor_SENSOR_GC0329.c.o
LOAD ./Debug/cmos_sensor_SENSOR_SIV100B.c.o
LOAD ./Debug/cmos_sensor_SENSOR_BF3a03after.c.o
LOAD ./Debug/cmos_sensor_SENSOR_BF3a03front.c.o
LOAD ./Debug/cmos_sensor_SENSOR_BF20A6.c.o
LOAD ./Debug/cmos_sensor_SENSOR_HM1055.c.o
LOAD ./Debug/cmos_sensor_SENSOR_IT03A1.c.o
LOAD ./Debug/cmos_sensor_SENSOR_OV7725.c.o
LOAD ./Debug/cmos_sensor_SENSOR_OV7736.c.o
LOAD ./Debug/cmos_sensor_SENSOR_SIV121DS.c.o
LOAD ./Debug/cmos_sensor_SENSOR_SP0718.c.o
LOAD ./Debug/tft_lcd_lcd_mcu_st7789.c.o
LOAD ./Debug/tft_lcd_tft_lcd.c.o
LOAD ./Debug/tft_lcd_lcd_mcu_ili9328.c.o
LOAD ./Debug/tft_lcd_lcd_mcu_st7789v.c.o
LOAD ./Debug/tft_lcd_lcd_mcu_hx8352c.c.o
LOAD ./Debug/tft_lcd_lcd_mcu_9225G.c.o
LOAD ./Debug/tft_lcd_lcd_mcu_nv3030b.c.o
LOAD ./Debug/tft_lcd_lcd_mcu_5420.c.o
LOAD ./Debug/tft_lcd_lcd_mcu_gc9307.c.o
LOAD ./Debug/tft_lcd_lcd_mcu_htf67337.c.o
LOAD ./Debug/tft_lcd_lcd_mcu_hx8352b.c.o
LOAD ./Debug/tft_lcd_lcd_mcu_hx8357b.c.o
LOAD ./Debug/tft_lcd_lcd_mcu_ili9341.c.o
LOAD ./Debug/tft_lcd_lcd_mcu_lgdp4532.c.o
LOAD ./Debug/tft_lcd_lcd_mcu_nv3030a.c.o
LOAD ./Debug/tft_lcd_lcd_mcu_r61505v.c.o
LOAD ./Debug/tft_lcd_lcd_mcu_r61509v.c.o
LOAD ./Debug/tft_lcd_lcd_mcu_st7789_666format.c.o
LOAD ./Debug/tft_lcd_lcd_mcu_st7789P3.c.o
LOAD ./Debug/tft_lcd_lcd_mcu_st7789v2.c.o
LOAD ./Debug/tft_lcd_lcd_rgb_ili8961.c.o
LOAD ./Debug/tft_lcd_lcd_rgb_ili9342c.c.o
LOAD ./Debug/tft_lcd_lcd_rgb_ili9806e.c.o
LOAD ./Debug/tft_lcd_lcd_rgb_jl_lcd.c.o
LOAD ./Debug/tft_lcd_lcd_rgb_ota5182.c.o
LOAD ./Debug/tft_lcd_lcd_rgb_st7282.c.o
LOAD ./Debug/tft_lcd_lcd_rgb_st7701.c.o
LOAD ./Debug/nvfs_nvfs.c.o
LOAD ./Debug/Maxlib_max_user.c.o
LOAD ./Debug/Maxlib_uiDraw.c.o
LOAD ./Debug/std_misc.c.o
LOAD ./Debug/std_std_math.c.o
LOAD ./Debug/std_str.c.o
LOAD ./Debug/res_ascii.c.o
LOAD ./Debug/res_ascii_default.c.o
LOAD ./Debug/res_ascii_default_draw.c.o
LOAD ./Debug/res_R.c.o
LOAD ./Debug/res_R_icon.c.o
LOAD ./Debug/res_R_string.c.o
LOAD ./Debug/res_unicode_font.c.o
LOAD ./Debug/res_ascii_num3.c.o
LOAD ./Debug/res_ascii_num3_draw.c.o
LOAD ../bwlib\liblimage.a
LOAD ../bwlib\libeffect.a
LOAD ../bwlib\libmp3.a
LOAD ../bwlib\libsd.a
LOAD ../bwlib\libavi.a
LOAD ../bwlib\libfs.a
LOAD C:/MinGW-4.7.1/or1k-elf/lib/no-delay\libc.a
LOAD C:/MinGW-4.7.1/lib/gcc/or1k-elf/4.9.1/no-delay\libgcc.a

.bootsec        0x01fffc00      0x200 load address 0x00000000
 *(.bootsec)
 .bootsec       0x01fffc00      0x200 ./Debug/ax32xx_BLDRX32.S.o
                0x01fffc10                hex
                0x01fffc10                .hex
                0x01fffdd8                .bootsect

.exception      0x00000000     0x1e3c load address 0x00000200
                0x00000000                _exception_vma = .
 *(.vector)
 .vector        0x00000000      0x3d0 ./Debug/ax32xx_reset.S.o
                0x00000304                _start
                0x00000340                _step_in
                0x00000384                _step_out
 *(.vector.text)
 .vector.text   0x000003d0     0x1668 ./Debug/src_ax32xx_int.c.o
                0x00000514                _rtcRamWrite
                0x000005bc                _rtcRamRead
                0x00000670                my_putchar
                0x00000684                exception_uart_puts
                0x00000698                my_memset
                0x000006c8                exception_init
                0x0000076c                ax32xx_vddrtcCalculate
                0x00000798                dllcon_init
                0x00000944                sdram_init
                0x00000a14                adcRead
                0x00000a6c                adcConverStart
                0x00000a90                adcSetBaudrate
                0x00000ac0                sysClkSet
                0x00000b1c                adcEnable
                0x00000b84                adcGetChannel
                0x00000bbc                sdram_tuning_check_2
                0x00000d3c                _sdr_tuning2_conifg_set
                0x00000d5c                crc_cal
                0x00000dd0                sdram_clock_tune
                0x000017b0                exception
                0x00001a1c                exception_trigger
 *(.vector.data)
 .vector.data   0x00001a38      0x100 ./Debug/ax32xx_reset.S.o
                0x00001a38                _step_data
 .vector.data   0x00001b38      0x304 ./Debug/src_ax32xx_int.c.o
                0x00001b38                tune_values
                0x00001cb8                tune_by
                0x00001cc4                tune_tab_2_dll
                0x00001cd4                tune_tab_1_dll
                0x00001ce4                tune_tab_2_clk
                0x00001d04                tune_tab_1_clk
                0x00001d24                tuning_test_addr
                0x00001da4                tuning_test_data
                0x00001e24                SDRTUN2_CON
                0x00001e2c                sdr_tune_source
                0x00001e30                chip_vision

.ram            0x00001e3c     0x2660 load address 0x0000203c
                0x00001e3c                __sram_start = .
 *(.msk_var_use)
 *(.sdc_buf)
 .sdc_buf       0x00001e3c       0x40 ../bwlib\libsd.a(ax32xx_sd.o)
 *(.sram_comm)
 .sram_comm     0x00001e7c       0x60 ./Debug/xos_xmsgq.c.o
 .sram_comm     0x00001edc     0x25c0 ./Debug/src_hal_sys.c.o
                0x00001edc                ramuse
                0x0000449c                __sram_end = .

.fifo           0x00008000      0xce0
                0x00008000                __ufifo_start = .
 *(.sram_Usbfifo)
 .sram_Usbfifo  0x00008000      0xce0 ./Debug/src_hal_sys.c.o
                0x00008000                usbfifo
                0x00008ce0                __ufifo_end = .

.text           0x02000000    0x85468 load address 0x00002200
                0x02000000                _text_start = .
 *(.text*)
 .text          0x02000000        0x0 ./Debug/ax32xx_reset.S.o
 .text          0x02000000        0x0 ./Debug/ax32xx_spi_boot_cfg.S.o
 .text          0x02000000        0x0 ./Debug/ax32xx_BLDRX32.S.o
 .text          0x02000000      0x508 ./Debug/main.c.o
                0x02000000                registerTask
                0x020000bc                init
                0x020004a0                systemService
                0x020004d4                sendDrawUIMsg
 .text.startup  0x02000508       0xb8 ./Debug/main.c.o
                0x02000508                main
 .text          0x020005c0     0x1c9c ./Debug/resource_manager.c.o
                0x020006fc                managerInit
                0x02000774                managerCreate
                0x0200084c                managerDestory
                0x020008c4                managerFileCount
                0x0200095c                managerFileCountEx
                0x020009c8                managerLockFileExt
                0x02000a70                managerUnlockFileExt
                0x02000b1c                managerCheckLock
                0x02000b58                managerCheckLockExt
                0x02000be8                managerFlush
                0x02000c54                managerDelFileByIndex
                0x02000d64                managerDelFileAll
                0x02000e48                managerScanStart
                0x02000eb0                managerScanEnd
                0x02000f8c                explorerListHook
                0x02000fa4                managerNameChange
                0x0200119c                managerSpaceCheck
                0x020012f4                manangerCheckFileType
                0x02001554                managerAddFile
                0x02001644                managerAddFileEx
                0x020016a4                managerRenameExt
                0x02001744                managerRename
                0x02001804                managerLockFile
                0x0200188c                managerUnlockFile
                0x0200194c                managerDelFileByName
                0x02001aa8                managerDelFileByFullName
                0x02001c28                managerFileNameCreater
                0x02001e3c                managerFileScan
                0x02002034                manangerGetFileFullPathName
                0x020020e8                manangerGetFileName
                0x02002180                manangerFindFileAndDel
 .text          0x0200225c      0x378 ./Debug/board.c.o
                0x0200225c                boardInit
                0x020023ec                boardOpen
                0x02002490                boardIoctrl
                0x02002518                boardNameIoctrl
 .text          0x020025d4      0xac4 ./Debug/board_bwv1.c.o
                0x02002b88                board_lcd_reset
                0x02002c00                board_sensor_reset
                0x02002ce8                board_lcd_ioctrl_pwm
                0x02002d2c                getCurBatteryADC
                0x02002d4c                getKeyADCvalue
                0x02002d6c                getKeyVal
                0x02002e58                getKey
                0x02002f28                keyScanKey
                0x0200305c                board_powerCheck
 .text          0x02003098      0x334 ./Debug/config.c.o
                0x02003098                configCheckSumCal
                0x020030ec                userConfigSave
                0x02003170                userConfigReset
                0x02003274                userConfigInitial
                0x02003350                configSet
                0x0200338c                configGet
 .text          0x020033cc      0xcd0 ./Debug/display.c.o
                0x020033cc                dispLayerPIPOnlyFront
                0x0200343c                dispLayerPIPOnlyBack
                0x020034b8                dispLayerPIPBakRightTop
                0x02003558                dispLayerPIPFrtRightTop
                0x020035dc                dispLayerPIPFBHalf
                0x02003660                dispLayerPIPBFHalf
                0x020036e4                dispLayerUninit
                0x02003740                dispLayerGetResolution
                0x02003814                dispLayerSetResolution
                0x02003900                dispLayerSetRotate
                0x02003934                dispRatioResolutionCalculate
                0x02003a0c                dispLayerSetRatio
                0x02003abc                dispLayerInit
                0x02003ce8                dispLayerShow
                0x02003d2c                dispLayerGetFrame
                0x02003d74                dispLayerGetFreeFrame
                0x02003db4                dispLayerFreeFrame
                0x02003e2c                dispLayerSetFrame
                0x02003e78                dispLayerSetPIPMode
                0x02003eec                dispLayer_ABwin
                0x02003f38                dispLayer_getABwin
                0x02003f58                dispLayerSetFrontCrop
 .text          0x0200409c        0x0 ./Debug/explorer.c.o
 .text          0x0200409c      0xc4c ./Debug/filelist.c.o
 .text          0x02004ce8      0x954 ./Debug/font.c.o
                0x02004ef8                fontInit
                0x02005014                fontSetLanguage
                0x020050d8                fontGetStringInfo
                0x02005188                fontDrawString
                0x02005378                resGetString
                0x02005490                resGetChar
 .text          0x0200563c      0x324 ./Debug/icon.c.o
                0x0200563c                iconInit
                0x020056ac                iconGetSize
                0x02005750                iconGetData
                0x020057ec                iconGetAddr
                0x02005860                iconGetPalette
                0x020058e0                iconGetGamePalette
 .text          0x02005960      0x1ec ./Debug/configGetValue.c.o
                0x02005960                configValue2Int
 .text          0x02005b4c      0x19c ./Debug/configSystem.c.o
                0x02005b4c                configLanguage
                0x02005bc4                configSys
                0x02005cac                configSystem
 .text          0x02005ce8      0x830 ./Debug/logo.c.o
                0x02005ce8                logo_image_show
                0x02005dec                jpg_decode_show
                0x02005ee0                logo_music_show
                0x020060ac                layout_logo_show
                0x020061bc                background_logo_image_show
                0x020062b4                layout_version_get
                0x020063a0                layout_keysound_load
                0x02006484                layout_sound_load
 .text          0x02006518       0xb0 ./Debug/menuMovieRec.c.o
                0x02006518                menuProcDateTime
                0x02006544                menuProcVersion
                0x02006570                menuProcFormat
                0x0200659c                menuProcDefault
 .text          0x020065c8      0x384 ./Debug/msgDeal.c.o
                0x020065c8                msgFuncRegister
                0x02006680                unshieldedMsgFuncRegister
                0x020066fc                msgDeal
                0x02006858                msgDealByType
                0x020068f0                msgDealByMsgInfor
 .text          0x0200694c       0xa4 ./Debug/msgSysRecommend.c.o
 .text          0x020069f0      0x5cc ./Debug/msgSysUnshielded.c.o
 .text          0x02006fbc      0x4b0 ./Debug/taskManage.c.o
                0x02006fbc                taskInit
                0x02007030                taskInfor
                0x020070b8                taskRegister
                0x0200715c                taskPrevious
                0x0200717c                taskCurrent
                0x0200719c                taskNext
                0x020071bc                taskStart
                0x020072a0                taskChange
                0x020072b4                taskService
 .text          0x0200746c      0xdc8 ./Debug/taskPhotoEncode.c.o
                0x0200746c                taskPhotoEncodeClose
                0x02007554                taskPhotoEncodeService
                0x02007614                photoImagePreSizeGet
                0x020078b0                task_image_createfile
                0x020079e4                image_take_photo
                0x02007ccc                image_take_photo_to_sdram
                0x02008028                photo_animation_effect
                0x02008144                taskPhotoEncodeOpen
 .text          0x02008234     0x190c ./Debug/taskPhotoEncodeMsg.c.o
                0x02009ac8                photoFocusIconCancel
 .text          0x02009b40      0xb64 ./Debug/taskPlayBack.c.o
                0x02009b40                taskPlayBackClose
                0x02009b88                video_playback_jpg_scale
                0x02009d78                video_playback_start
                0x0200a36c                taskPlayBackOpen
                0x0200a5e8                taskPlayBackService
 .text          0x0200a6a4     0x18d0 ./Debug/taskPlayBackMsg.c.o
                0x0200be8c                backBrushBlack
 .text          0x0200bf74      0x2a4 ./Debug/taskPowerOff.c.o
                0x0200bf74                uninit
                0x0200c028                taskPowerOffOpen
 .text          0x0200c218      0xeec ./Debug/taskSysScanDevice.c.o
                0x0200c218                timerMsgSend
                0x0200c2bc                setKeyEn
                0x0200c2dc                deamon_astern_check
                0x0200c2f0                reflush_usensor_check
                0x0200c304                setSoftwareDetachUsensor
                0x0200c324                deamon_usb_check
                0x0200c5d4                deamon_gsensor_check
                0x0200c5e8                deamon_screen_save
                0x0200c738                deamon_key_check
                0x0200c868                deamon_auto_poweroff
                0x0200c97c                deamon_keysound_play
                0x0200ca5c                deamon_sound_play
                0x0200cb38                deamon_fsFreeSize
                0x0200cbe0                deamon_fs_scan
                0x0200cda0                deamon_sdc_check
                0x0200cff0                taskSysScanDev
                0x0200d070                deamon_fsSizeModify
 .text          0x0200d104      0x3cc ./Debug/taskUsbDevice.c.o
 .text          0x0200d4d0      0xde8 ./Debug/taskVideoRecord.c.o
                0x0200d4d0                taskVideoRecordeService
                0x0200d5d4                task_video_Get_Status
                0x0200d5f4                video_record_start
                0x0200d69c                task_record_stop
                0x0200d738                taskVideoRecordeClose
                0x0200d868                task_video_record_caltime
                0x0200d8e0                video_record_callback
                0x0200e0c0                taskVideoRecordeOpen
                0x0200e290                taskVideoRecTimeIncreace
                0x0200e2a4                videoCapturePhoto
 .text          0x0200e2b8     0x1844 ./Debug/taskVideoRecordMsg.c.o
                0x0200f8c8                videoFocusIconCancel
                0x0200f940                recordTimeCount1S
 .text          0x0200fafc      0x158 ./Debug/toolFunc.c.o
                0x0200fafc                intToString
                0x0200fbc8                calWeek
 .text          0x0200fc54      0x810 ./Debug/uiMenuDateTimeMsg.c.o
                0x020100fc                dateTimeStrUpdate
                0x02010124                dateTimeIncreace
                0x020102c4                dateTimeDecreace
 .text          0x02010464      0x32c ./Debug/uiMenuDefaultMsg.c.o
 .text          0x02010790      0x3ec ./Debug/uiMenuDelAllMsg.c.o
 .text          0x02010b7c      0x480 ./Debug/uiMenuDelCurMsg.c.o
 .text          0x02010ffc      0x460 ./Debug/uiMenuFormatMsg.c.o
 .text          0x0201145c      0x844 ./Debug/uiMenuItemMsg.c.o
                0x02011c80                menuIsOpen
 .text          0x02011ca0      0x6b0 ./Debug/uiMenuOptionMsg.c.o
 .text          0x02012350      0x35c ./Debug/uiMenuUsbMsg.c.o
 .text          0x020126ac      0x208 ./Debug/uiNoFileMsg.c.o
 .text          0x020128b4      0x38c ./Debug/uiTips1Msg.c.o
 .text          0x02012c40      0x370 ./Debug/uiTipsMsg.c.o
 .text          0x02012fb0      0x4c0 ./Debug/uiWin.c.o
                0x02012fb0                dialogCB
                0x020131a8                uiParentDealMsg
                0x020131d8                uiOpenWindow
                0x02013308                uiOpenWinAndShow
                0x02013440                windowIsOpen
 .text          0x02013470      0x174 ./Debug/uiMenuVersionMsg.c.o
 .text          0x020135e4       0xf8 ./Debug/taskAudioPlayer.c.o
                0x020135e4                taskAudioPlayerOpen
                0x02013660                taskAudioPlayerClose
                0x02013690                taskAudioPlayerService
 .text          0x020136dc     0x1cd8 ./Debug/taskAudioPlayerMsg.c.o
                0x02015148                uni2oem936_init
                0x020151d8                uni2oem936_uninit
                0x0201521c                oem2uni936_init
                0x020152ac                oem2uni936_uninit
 .text          0x020153b4        0x0 ./Debug/taskAudioPlayerRes.c.o
 .text          0x020153b4        0x0 ./Debug/taskPhotoEncodeRes.c.o
 .text          0x020153b4        0x0 ./Debug/taskPlayBackRes.c.o
 .text          0x020153b4        0x0 ./Debug/taskVideoRecordRes.c.o
 .text          0x020153b4        0x0 ./Debug/uiMenuDateTimeRes.c.o
 .text          0x020153b4        0x0 ./Debug/uiMenuDefaultRes.c.o
 .text          0x020153b4        0x0 ./Debug/uiMenuDelAllRes.c.o
 .text          0x020153b4        0x0 ./Debug/uiMenuDelCurRes.c.o
 .text          0x020153b4        0x0 ./Debug/uiMenuFormatRes.c.o
 .text          0x020153b4        0x0 ./Debug/uiMenuItemRes.c.o
 .text          0x020153b4        0x0 ./Debug/uiMenuOptionRes.c.o
 .text          0x020153b4        0x0 ./Debug/uiMenuUsbRes.c.o
 .text          0x020153b4        0x0 ./Debug/uiMenuVersionRes.c.o
 .text          0x020153b4        0x0 ./Debug/uiNoFileRes.c.o
 .text          0x020153b4        0x0 ./Debug/uiTips1Res.c.o
 .text          0x020153b4        0x0 ./Debug/uiTipsRes.c.o
 .text          0x020153b4      0x108 ./Debug/taskMainMenu.c.o
                0x020153b4                taskMainMenuService
                0x020153c8                taskMainMenuOpen
                0x02015490                taskMainMenuClose
 .text          0x020154bc      0x8dc ./Debug/taskMainMenuMsg.c.o
 .text          0x02015d98        0x0 ./Debug/taskMainMenuRes.c.o
 .text          0x02015d98       0xcc ./Debug/taskSettingMenu.c.o
                0x02015d98                taskSettingMenuService
                0x02015dac                taskSettingMenuClose
                0x02015dd4                taskSettingMenuOpen
 .text          0x02015e64     0x18dc ./Debug/userInterface.c.o
                0x02015e64                actionUpperToBottom
                0x0201601c                actionBottomToUpper
                0x020161f4                actionSquareInsideToOutside
                0x020163a4                actionSquareOutsideToInside
                0x0201655c                actionLeftBottomToRightUpper
                0x020166e8                actionLeftToRight
                0x020168b4                actionLeftUpperToRightBottom
                0x02016a68                actionCircleInside2OutSide
                0x02016e7c                getActionFunc
                0x02016f24                animationInit
                0x02017028                animationRun
                0x02017100                animationUnInit
                0x02017150                circle_fill
                0x020176ac                type_function_circle
 .text          0x02017740      0x620 ./Debug/upgrade.c.o
                0x02017740                upgrade_led_control
                0x020177b8                upgrade_uiProgress
                0x020177f8                upgrade
 .text          0x02017d60     0x2488 ./Debug/game_block.c.o
                0x02017d60                game_cnt_down
                0x02017d90                game_cnt_reinit
                0x02017db0                game_cnt_over
                0x02017de0                game_cnt_clear
                0x02017e0c                effect_rand_get
                0x02017e94                power_up_rand_list_init
                0x02017f34                block_cnt_init
                0x02017f98                rand_get
                0x02018028                level_back_index_get
                0x0201804c                block_map_init
                0x020180ac                move_icon_universal_draw
                0x0201811c                game_frame_buff_show_get
                0x0201813c                block_icon_draw
                0x020181d0                block_src_init_and_draw
                0x02018290                block_map_draw
                0x02018338                game_boundary_init
                0x0201837c                game_block_level_init
                0x020183b8                life_icon_draw
                0x020184c4                right_score_draw
                0x020185f8                ball_icon_draw
                0x02018690                board_icon_draw
                0x020186d8                power_up_item_icon_draw
                0x02018798                DrawMap_block
                0x020187e0                power_up_item_init
                0x020188d8                power_up_item_destroy
                0x02018944                ball_init
                0x02018a28                ball_item_destroy
                0x02018a94                copy_ball_action
                0x02018b10                ball_and_board_init
                0x02018bb0                board_and_ball_flash_init
                0x02018be8                move_rule
                0x02018cdc                game_boundary_hit_check
                0x02018d88                universal_hit_action
                0x02018dbc                universal_hit_check
                0x020190a4                board_hit_check
                0x02019184                block_hit_check
                0x02019300                clear_block_effect
                0x020194ac                board_move
                0x02019564                ball_move
                0x02019628                ball_fire_power_up
                0x02019690                ball_multi_power_up
                0x0201971c                power_up_item_move
                0x02019810                power_up_move
                0x02019890                move
                0x0201994c                pass_check
                0x020199a8                game_block_init
                0x020199fc                block_free_buf
                0x02019a58                game_block_exit
                0x02019aac                flash_reinit
                0x02019b78                flash_init
                0x02019bc0                block_breaker_going_key_response
                0x02019c78                game_block_start
                0x02019d3c                block_breaker_going
                0x02019e74                block_breaker_level_pass
                0x02019ed8                block_breaker_game_over_show
                0x02019f4c                block_breaker_game_pause
                0x0201a080                game_block_key_active
                0x0201a0f4                game_block_entry
 .text          0x0201a1e8      0xe08 ./Debug/game_snake.c.o
                0x0201a1e8                snake_get_buf
                0x0201a258                snake_put_buf
                0x0201a2b0                snake_init
                0x0201a35c                rand_next
                0x0201a410                createFood
                0x0201a4f4                creatMap
                0x0201a548                biteSelf
                0x0201a5a0                chet_endGamestatus
                0x0201a630                detore_snake
                0x0201a684                snakeOSDDisplayBufGet
                0x0201a6d0                snake_I80
                0x0201a7c8                snakeOSDDisplay
                0x0201a828                snake_frame_icon_draw
                0x0201a934                get_malloc
                0x0201a95c                show_icon_rect
                0x0201aa64                show_all
                0x0201ab9c                snakeMove
                0x0201adb0                key_read
                0x0201ae50                snake_main_init
                0x0201aef8                game_snake_entry
 .text          0x0201aff0      0x728 ./Debug/game_sokoban.c.o
                0x0201aff0                Move
                0x0201b14c                resultCheck
                0x0201b1e4                map_init
                0x0201b228                get_map_size
                0x0201b240                man_init
                0x0201b2b0                DataRead_CMode
                0x0201b324                TXZ_show_icon_rect
                0x0201b438                TXZ_show_one_rect
                0x0201b464                DrawMap
                0x0201b4dc                TXZ_show_all
                0x0201b514                get_game_map
                0x0201b5dc                sokoban_init
                0x0201b638                game_sokoban_entry
 .text          0x0201b718      0xfe4 ./Debug/game_tetris.c.o
                0x0201b718                insertTetris
                0x0201b7c0                checkCollision_L
                0x0201b7f8                checkCollision_R
                0x0201b82c                checkCollision
                0x0201b8cc                show_one_diamonds
                0x0201b954                printScore
                0x0201bb24                printNextTetris
                0x0201bbb8                giveTetris
                0x0201bc98                removeTetris
                0x0201bd50                printCurrentTetris
                0x0201be70                setPoolColor
                0x0201bf24                rotateTetris
                0x0201bfc8                checkErasing
                0x0201c158                printTetrisPool
                0x0201c228                moveDownTetris
                0x0201c2d8                horzMoveTetris
                0x0201c37c                keydownControl
                0x0201c444                endgame
                0x0201c460                restartGame
                0x0201c500                game_tetris_init
                0x0201c594                game_tetris_exit
                0x0201c5d8                game_tetris_entry
 .text          0x0201c6fc     0x1a74 ./Debug/taskGame.c.o
                0x0201c6fc                taskGameClose
                0x0201c85c                gameInit
                0x0201c900                gameGetKeyADCValue
                0x0201c9ac                game_key_judge
                0x0201ca34                fps_count_reset
                0x0201ca60                rand_int
                0x0201cacc                get_game_base_buf
                0x0201caf4                get_game_show_buf
                0x0201cbe0                get_bin_data
                0x0201cc64                frame_icon_draw
                0x0201cdf8                game_OSD_str_draw
                0x0201d484                game_tips
                0x0201d7c0                game_over
                0x0201d8bc                gameExit
                0x0201d930                taskGameService
                0x0201d998                game_bk_draw
                0x0201da44                frame_buff_display
                0x0201dabc                free_buf
                0x0201dae4                game_audio_init
                0x0201dc90                taskGameOpen
                0x0201dcd8                game_audio_play
                0x0201de80                game_key_event
                0x0201df80                gameTickGenerator
                0x0201e048                game_result_tips
 .text          0x0201e170       0xc8 ./Debug/taskGameMenu.c.o
                0x0201e170                taskGameMenuService
                0x0201e184                taskGameMenuOpen
                0x0201e20c                taskGameMenuClose
 .text          0x0201e238      0xdf4 ./Debug/taskGameMenuMsg.c.o
 .text          0x0201f02c        0x0 ./Debug/taskGameMenuRes.c.o
 .text          0x0201f02c     0x11f4 ./Debug/game_plane.c.o
                0x0201f02c                is_in_range
                0x0201f07c                collision_chect
                0x0201f2d8                move_enemy_bullet_c
                0x0201f378                AI_mage
                0x0201f3cc                move_my_planle
                0x0201f520                new_my_bullet
                0x0201f5d0                new_p_boom
                0x0201f694                move_my_bullet_c
                0x0201f784                move_bullet
                0x0201f7a8                move_one_enemy_planle
                0x0201f970                move_enemy_planle
                0x0201f9b8                new_enemy_Plane
                0x0201fa94                pGame_show_icon_rect
                0x0201fc48                show_plane_boom
                0x0201fcac                show_enemy_Plane
                0x0201fd04                show_my_bullet
                0x0201fd5c                show_score
                0x0201fff0                game_plane_entry
 .text          0x02020220      0x5a8 ./Debug/game_maze.c.o
                0x02020220                Move_maze
                0x020203e0                resultCheck_maze
                0x02020438                maze_map_set
                0x02020478                get_map_maze_size
                0x02020490                man_maze_init
                0x020204c0                maze_show_one_rect
                0x02020584                maze_DrawMap
                0x020205fc                maze_show_all
                0x02020634                maze_map_init
                0x0202067c                maze_keypress
                0x020206d0                maze_init
                0x02020718                game_maze_entry
 .text          0x020207c8        0x0 ./Debug/xos_x_cpu.c.o
 .text          0x020207c8      0x1b0 ./Debug/xos_xmbox.c.o
                0x020207c8                XMboxInit
                0x02020808                XMboxCreate
                0x02020890                XMboxDestory
                0x020208c8                XMboxPost
                0x0202091c                XMboxPend
 .text          0x02020978      0x2e4 ./Debug/xos_xmsgq.c.o
                0x02020978                XMsgQInit
                0x020209b8                XMsgQCreate
                0x02020a48                XMsgQDestory
                0x02020a80                XMsgQFlush
                0x02020ac0                XMsgQPost
                0x02020b38                XMsgQPostFront
                0x02020bb4                XMsgQPend
                0x02020c44                XMsgQCheck
 .text          0x02020c5c      0x12c ./Debug/xos_xos.c.o
                0x02020c5c                XOSInit
                0x02020c9c                XOSTickService
                0x02020d0c                XOSTimeGet
                0x02020d2c                XOSTimeDly
                0x02020d68                XOSRandom
 .text          0x02020d88      0x168 ./Debug/xos_xwork.c.o
                0x02020d88                XWorkInit
                0x02020dc8                XWorkCreate
                0x02020e54                XWorkDestory
                0x02020e84                XWorkService
 .text          0x02020ef0      0xb64 ./Debug/multimedia_user_media.c.o
                0x02020ef0                jpg_decode_buf
                0x02020fa0                jpg_buf_decode_buf
                0x02021050                yuv_rgb_table_init
                0x0202127c                yuv_rgb_table_uninit
                0x020212c0                bmp24_to_yuv420_buf
                0x0202167c                yuv420_draw_buf
                0x0202186c                yuv420_software_set_handle_frame
                0x0202188c                yuv420_software_get_handle_frame
                0x020218ac                yuv420_effect_handle
 .text          0x02021a54      0x1fc ./Debug/sUI_button.c.o
                0x02021b38                buttonCreate
                0x02021bac                buttonCreateIndirect
 .text          0x02021c50      0x188 ./Debug/sUI_dialog.c.o
                0x02021c50                dialogCreate
                0x02021d20                dialogItem
 .text          0x02021dd8      0x22c ./Debug/sUI_frameWin.c.o
                0x02021f30                frameWinCreate
                0x02021f94                frameWinCreateIndirect
 .text          0x02022004      0x2b0 ./Debug/sUI_imageIcon.c.o
                0x0202218c                imageIconCreate
                0x02022238                imageIconCreateIndirect
 .text          0x020222b4     0x191c ./Debug/sUI_itemManage.c.o
                0x020222b4                itemManageCreate
                0x02022338                itemManageCreateIndirect
                0x020223ac                itemManageSetItemHeight
                0x02022530                itemManageSetItemRowSumGap
                0x02022638                itemManageSetHeightAvgGap
                0x020227ac                itemManageSetRowSum
                0x020228e0                itemManageSetColumnSum
                0x02022a30                itemManageSetColumnSumWithGap
                0x02022bac                itemManageSetColumnMargin
                0x02022cdc                itemManageCreateItem
                0x02022e78                itemManageSetResInforFuncEx
                0x02022ed0                itemManageSetCurItem
                0x020231cc                itemManageUpdateRes
                0x02023284                itemManageUpdateAllitem
                0x020232e8                itemManageUpdateCurItem
                0x0202348c                itemManageNextItem
                0x020234fc                itemManagePreItem
                0x0202356c                itemManageNextPage
                0x020235f0                itemManagePrePage
                0x02023678                itemManageGetCurrentItem
                0x020236dc                itemManageSetCharInfor
                0x02023794                itemManageSetSelectColor
                0x02023830                itemManageSetSelectImage
                0x020238d0                itemManageSetUnselectColor
                0x0202396c                itemManageSetUnselectImage
                0x02023a0c                itemManageGetTouchInfor
 .text          0x02023bd0      0x3c4 ./Debug/sUI_menuItem.c.o
                0x02023e00                menuItemCreate
                0x02023ea8                itemCreateMenuItem
 .text          0x02023f94      0x504 ./Debug/sUI_menuItemEx.c.o
                0x020242bc                menuItemExCreate
                0x0202436c                itemCreateMenuItemEx
 .text          0x02024498      0x360 ./Debug/sUI_menuOption.c.o
                0x0202468c                menuOptionCreate
                0x02024730                itemCreatemenuOption
 .text          0x020247f8      0x344 ./Debug/sUI_progressBar.c.o
                0x02024a20                progressBarCreate
                0x02024aa4                progressBarCreateIndirect
                0x02024b1c                progressBarSetDirction
 .text          0x02024b3c      0x264 ./Debug/sUI_rect.c.o
                0x02024ca8                rectCreate
                0x02024d2c                rectCreateIndirect
 .text          0x02024da0      0x380 ./Debug/sUI_stringIcon.c.o
                0x02024fb0                stringIconCreate
                0x0202506c                stringIconCreateIndirect
 .text          0x02025120      0x2b0 ./Debug/sUI_tips.c.o
                0x020252bc                tipsCreate
                0x02025348                tipsCreateIndirect
 .text          0x020253d0      0x30c ./Debug/sUI_uiAlloc.c.o
                0x020253d0                uiHeapInit
                0x02025408                uiAlloc
                0x02025510                uiFree
                0x02025610                uiHeapInfor
                0x020256c8                heapAllocTest
 .text          0x020256dc      0x11c ./Debug/sUI_widget.c.o
                0x020256dc                widgetProc
                0x02025728                widgetSetType
                0x02025758                widgetGetType
                0x0202578c                widgetGetId
                0x020257c4                widgetSetId
 .text          0x020257f8     0x1c38 ./Debug/sUI_winManage.c.o
                0x020257f8                winErrShow
                0x02025844                winSendMsg
                0x02025884                winSendMsgNoData
                0x020258ac                winSendMsgToParent
                0x020258dc                winSendMsgToParentNoData
                0x02025904                winOverlapping
                0x02025968                winContain
                0x020259cc                winHasInvalidRect
                0x02025a60                winFreeInvalidRect
                0x02025d5c                winCreate
                0x020261a4                winDestroy
                0x02026360                winGetTouchInfor
                0x02026390                winTouch
                0x020265b0                winSetbgColor
                0x020265e4                winSetfgColor
                0x02026618                winSetVisible
                0x0202669c                winIsVisible
                0x020266d8                winSetResid
                0x02026708                winSetItemSelResid
                0x02026738                winSetStrInfor
                0x02026788                resInforInit
                0x020267d4                winSetSelectInfor
                0x02026804                winSetUnselectInfor
                0x02026834                winChangeNotify
                0x0202689c                winDefaultProc
                0x02026cac                winResize
                0x02026e3c                winGetRelativePos
                0x02026ecc                winGetPos
                0x02026f10                winUpdate
                0x02026f80                winSetPorgressRate
                0x02026fb0                winSetPorgressDirction
                0x02026fe0                winGetCurrent
                0x02027000                winPaint
                0x0202710c                winSetName
                0x0202712c                winIntersection
                0x020271e0                winUpdateAllResId
                0x02027244                winDestroyDeskTopChildWin
                0x020272b8                winInit
                0x020273a4                winUninit
 .text          0x02027430      0x174 ./Debug/sUI_memPool.c.o
                0x02027430                mempCreate
                0x02027498                mempGet
                0x020274f0                mempPut
                0x0202752c                mempInfor
 .text          0x020275a4      0x43c ./Debug/sUI_widgetManage.c.o
                0x020277f8                widgetManageCreate
                0x0202787c                widgetManageCreateIndirect
                0x020278ec                widgetManageUpdateAll
                0x02027910                widgetManageUpdateCur
                0x02027934                widgetManageNext
                0x02027958                widgetManagePre
                0x0202797c                widgetManageSelect
                0x020279b0                widgetManageCurId
 .text          0x020279e0      0x3bc ./Debug/src_ax32xx_int.c.o
                0x020279e0                ax32xx_intHandler
                0x020279f4                fast_isr
                0x02027ad4                slow_isr
                0x02027bc8                ax32xx_intEnable
                0x02027c10                ax32xx_int_priority
                0x02027c58                ax32xx_intInit
 .text          0x02027d9c      0xa44 ./Debug/src_ax32xx_sys.c.o
                0x02027d9c                ax32xx_sysCpuMsDelay
                0x02027dd8                ax32xx_sysCpuNopDelay
                0x02027e00                ax32xx_sysDcacheInit
                0x02027e44                ax32xx_sysIcacheInit
                0x02027e88                ax32xx_sysDcacheWback
                0x02027f04                ax32xx_sysDcacheFlush
                0x02027f80                ax32xx_sysDcacheInvalid
                0x02027ffc                ax32xx_sysSRAMClear
                0x02028050                ax32xx_sysBSSClear
                0x020280b4                ax32xx_sysLDOSet
                0x02028298                ax32xx_sysClkSet
                0x020282f4                ax32xx_sysReset
                0x02028334                ax32xx_sys_dma_memdown
                0x02028398                ax32xx_sys_dma_memkick
                0x0202845c                ax32xx_mcpy_gram2ufifo
                0x020284bc                ax32xx_mcpy1_sdram2gram
                0x02028560                ax32xx_mcpy1_sdram2gram_2
                0x020285c0                ax32xx_sysInit
                0x02028720                ax32xx_sysUninit
 .text          0x020287e0      0x298 ./Debug/src_ax32xx_dma.c.o
                0x020287e0                ax32xx_dmaNocCfg
                0x02028a08                ax32xx_dmaNocDefault
                0x02028a30                ax32xx_dmaChannelEnable
 .text          0x02028a78       0x98 ./Debug/src_ax32xx_wdt.c.o
                0x02028a78                ax32xx_wdtEnable
                0x02028aac                ax32xx_wdtTimeSet
                0x02028ac0                ax32xx_wdtClear
                0x02028af4                ax32xx_wdtReset
 .text          0x02028b10      0xe08 ./Debug/src_ax32xx_gpio.c.o
                0x02028b10                ax32xx_gpioSFRSet
                0x02028d54                ax32xx_gpioDirSet
                0x02028df8                ax32xx_gpioPullSet
                0x02028ec4                ax32xx_gpioDrvSet
                0x02028f54                ax32xx_gpioDataSet
                0x02028fe0                ax32xx_gpioDataGrounpSet
                0x0202905c                ax32xx_gpioDataGet
                0x020290e0                ax32xx_gpioMapSet
                0x02029170                ax32xx_gpioDigitalSet
                0x02029200                ax32xx_gpioHystersisSet
                0x02029290                ax32xx_gpioLedPull
                0x0202935c                ax32xx_gpioLedInit
                0x020293ec                ax32xx_gpioINTCheck
                0x02029424                ax32xx_gpioINTClear
                0x0202944c                ax32xx_gpioINTInit
                0x0202957c                ax32xx_gpioIRQHandler
                0x02029618                ax32xx_io1d1_softstart
                0x020297d8                ax32xx_io1d1_softstart_clr
                0x02029888                ax32xx_io1d1_pd_enable
 .text          0x02029918      0x1a4 ./Debug/src_ax32xx_uart.c.o
                0x02029918                ax32xx_uart0IRQHandler
                0x02029968                ax32xx_uart0IOCfg
                0x02029a08                ax32xx_uart0Init
                0x02029a7c                ax32xx_uart0SendByte
 .text          0x02029abc      0x9ec ./Debug/src_ax32xx_timer.c.o
                0x02029abc                ax32xx_timer0IRQHandler
                0x02029b00                ax32xx_timer1IRQHandler
                0x02029b44                ax32xx_timer2IRQHandler
                0x02029b88                ax32xx_timer3IRQHandler
                0x02029bcc                ax32xx_timerISRRegister
                0x02029c10                ax32xx_timerStart
                0x02029d0c                ax32xx_timerStop
                0x02029ddc                ax32xx_timerEnable
                0x02029e68                ax32xx_timerDisable
                0x02029f0c                ax32xx_timerTickStart
                0x02029f40                ax32xx_timerTickStop
                0x02029f60                ax32xx_timerTickCount
                0x02029f7c                ax32xx_timerPWMStart
                0x0202a3f4                ax32xx_timerPWMStop
 .text          0x0202a4a8      0x468 ./Debug/src_ax32xx_tminf.c.o
                0x0202a4a8                ax32xx_mjpegATimeinfoEnable
                0x0202a514                ax32xx_mjpegBTimeinfoEnable
                0x0202a580                ax32xx_mjpegATimeinfoColor
                0x0202a5cc                ax32xx_mjpegBTimeinfoColor
                0x0202a628                ax32xx_mjpegATimeinfoSize
                0x0202a684                ax32xx_mjpegBTimeinfoSize
                0x0202a70c                ax32xx_mjpegATimeinfoPos
                0x0202a768                ax32xx_mjpegBTimeinfoPos
                0x0202a7f0                ax32xx_mjpegATimeinfoAddr
                0x0202a834                ax32xx_mjpegBTimeinfoAddr
                0x0202a8a4                ax32xx_recfg_mjpb_tminf
 .text          0x0202a910      0x7f4 ./Debug/src_ax32xx_spi.c.o
                0x0202a910                ax32xx_spi0Init
                0x0202ab30                ax32xx_spi0SendByte
                0x0202ab84                ax32xx_spi0RecvByte
                0x0202abd8                ax32xx_spi0Send0
                0x0202ac90                ax32xx_spi0Recv0
                0x0202ad48                ax32xx_spi0CS0Config
                0x0202ad8c                spi1_pin_config
                0x0202ae5c                hal_spi1Init
                0x0202aed4                spi1_send_byte
                0x0202af44                spi1_receive_byte
                0x0202af8c                spi1_recevie_dma
                0x0202b024                spi1_send_dma
                0x0202b0c0                spi1_enable
 .text          0x0202b104      0xb74 ./Debug/src_ax32xx_rtc.c.o
                0x0202b104                ax32xx_rtcWriteByte
                0x0202b154                ax32xx_rtcReadByte
                0x0202b1b8                ax32xx_rtcRamRead
                0x0202b254                ax32xx_rtcRamWrite
                0x0202b2f0                ax32xx_rtcDataRead
                0x0202b378                ax32xx_rtcDataWrite
                0x0202b400                ax32xx_rtcInit
                0x0202b4b0                ax32xx_rtcIRQHandler
                0x0202b568                ax32xx_rtcSencodEnable
                0x0202b5e4                ax32xx_rtcAlamEnable
                0x0202b6cc                ax32xx_rtcAlamSet
                0x0202b714                ax32xx_rtcGet
                0x0202b768                ax32xx_rtcSet
                0x0202b7b0                ax32xx_WKOEnable
                0x0202b80c                ax32xx_VDDGSENEnable
                0x0202b87c                ax32xx_WKI0InputEnable
                0x0202b8ec                ax32xx_WKI1InputEnable
                0x0202b95c                ax32xx_WKI1Read
                0x0202b980                ax32xx_WKI0Read
                0x0202b9a4                ax32xx_WKI1WakeupEnable
                0x0202bb0c                ax32xx_WKI1WakeupTriger
                0x0202bb5c                ax32xx_WKI1CleanPending
                0x0202bb98                ax32xx_rtcBatDecEnable
                0x0202bc08                ax32xx_rtcSenHVEnable
 .text          0x0202bc78      0x7e8 ./Debug/src_ax32xx_iic.c.o
                0x0202bd30                software_iic_sdaout
                0x0202bd64                software_iic_sdain
                0x0202bd98                software_iic_sda_set
                0x0202bdc4                software_iic_scl_set
                0x0202bdf0                software_iic_sda_get
                0x0202be18                software_iic_init
                0x0202be48                software_iic_start
                0x0202bec0                software_iic_stop
                0x0202bf38                software_iic_wait_ack
                0x0202bff0                ax32xx_iic0Init
                0x0202c0b0                ax32xx_iic0Uninit
                0x0202c0f4                ax32xx_iic0Start
                0x0202c110                ax32xx_iic0Stop
                0x0202c150                ax32xx_iic0RecvACK
                0x0202c178                ax32xx_iic0SendACK
                0x0202c19c                ax32xx_iic0SendByte
                0x0202c1ec                ax32xx_iic0RecvByte
                0x0202c240                ax32xx_iic1Init
                0x0202c268                ax32xx_iic1Uninit
                0x0202c2ac                ax32xx_iic1Start
                0x0202c2c8                ax32xx_iic1Stop
                0x0202c328                ax32xx_iic1RecvACK
                0x0202c350                ax32xx_iic1SendACK
                0x0202c374                ax32xx_iic1SendByte
                0x0202c3e4                ax32xx_iic1RecvByte
 .text          0x0202c460      0x66c ./Debug/src_ax32xx_dac.c.o
                0x0202c4a0                ax32xx_dacIRQHandler
                0x0202c574                ax32xx_dacSampleRateSet
                0x0202c5e4                ax32xx_dacEnable
                0x0202c668                ax32xx_dacVolumeSet
                0x0202c6e0                ax32xx_dacBufferSet
                0x0202c700                ax32xx_dacBufferFlush
                0x0202c720                ax32xx_dacReset
                0x0202c744                ax32xx_dacStart
                0x0202c7c0                ax32xx_dacStop
                0x0202c7f0                ax32xx_dacISRRegister
                0x0202c810                ax32xx_dacHPSet
                0x0202c8a4                eq_coeff_init
                0x0202c914                eq_gain_init
                0x0202c984                ax32xx_dacInit
 .text          0x0202cacc      0x114 ./Debug/src_ax32xx_adc.c.o
                0x0202cacc                ax32xx_adcEnable
                0x0202cb34                ax32xx_adcSetBaudrate
                0x0202cb64                ax32xx_adcConverStart
                0x0202cb88                ax32xx_adcRead
 .text          0x0202cbe0      0x4d0 ./Debug/src_ax32xx_auadc.c.o
                0x0202cbe0                ax32xx_auadcIRQHandler
                0x0202cc70                ax32xx_auadcHalfIRQRegister
                0x0202cc90                ax32xx_auadcEndIRQRegister
                0x0202ccb0                ax32xx_auadcEnable
                0x0202cda8                ax32xx_auadcAGCEnable
                0x0202ce38                ax32xx_auadcGainSet
                0x0202ceb4                ax32xx_auadcBufferSet
                0x0202cf14                ax32xx_auadcInit
                0x0202cfb8                ax32xx_auadcSetSampleSet
                0x0202d09c                agc_gain_mnt
 .text          0x0202d0b0      0x298 ./Debug/src_jpeg_table.c.o
                0x0202d0b0                jpegA_table_init
                0x0202d22c                ax32xx_mjpB_tab_init
 .text          0x0202d348      0xd68 ./Debug/src_ax32xx_usb.c.o
                0x0202d348                _usb_bulk_tx
                0x0202d484                _usb_bulk_rx
                0x0202d590                _usb_iso_kick
                0x0202d680                _iso_wait_txdown
                0x0202d6f0                usb_iso_tx
                0x0202d7f0                usb_burst_reset
                0x0202d83c                usb_host_reset
                0x0202d888                usb_phyreset_as_typeb
                0x0202d9d0                usb_phyreset_as_typea
                0x0202db1c                usb_insert
                0x0202db30                usb_check_hal
                0x0202db44                get_u32softcnt
                0x0202db64                ax32xx_usbIRQHanlder
                0x0202dc58                ax32xx_usbCallbackRegister
                0x0202dc94                ax32xx_usb_hostIRQHanlder
                0x0202dca8                usb_device_check
                0x0202dd70                ax32xx_usbPhyPllEnable
                0x0202de18                usb11_registers_write
                0x0202de44                usb11_registers_read
                0x0202de7c                usb_memcpy
                0x0202def0                usb_phyreset_as_typea11
                0x0202df04                usb11_host_reset
                0x0202df18                ax32xx_usb11_hostIRQHanlder
                0x0202df2c                usb20_host_check
                0x0202dff4                usb11HostCheckNoWait
                0x0202e008                usb11_host_check
                0x0202e01c                usb20_phyreset_as_filter
 .text          0x0202e0b0      0x210 ./Debug/src_ax32xx_misc.c.o
                0x0202e0b0                str_seek
                0x0202e11c                dec_num2str
                0x0202e15c                char_2_hex
                0x0202e1b0                data_check
                0x0202e1f0                pointer_check
                0x0202e214                half_word_memcpy
                0x0202e24c                word_memcpy
                0x0202e284                word_reg_memcpy
 .text          0x0202e2c0      0x14c ./Debug/src_ax32xx_pip.c.o
                0x0202e2c0                ax32xx_pipConfig
                0x0202e33c                ax32xx_pipEnable
                0x0202e380                ax32xx_pipCounterReset
                0x0202e3c0                ax32xx_pipGetTopLayer
                0x0202e3e4                ax32xx_pipGetBotLayer
 .text          0x0202e40c        0x0 ./Debug/src_ax32xx_btuart.c.o
 .text          0x0202e40c        0x0 ./Debug/src_ax32xx_crc.c.o
 .text          0x0202e40c      0x26c ./Debug/src_ax32xx_emi.c.o
                0x0202e40c                ax32xx_emiInit
                0x0202e548                ax32xx_emiISRRegister
                0x0202e57c                ax32xx_emiIRQHandler
                0x0202e5d8                ax32xx_emiKick
                0x0202e634                ax32xx_emiCheckBusy
                0x0202e654                ax32xx_emiCheckRXError
 .text          0x0202e678      0x278 ./Debug/src_ax32xx_rotate.c.o
                0x0202e678                ax32xx_rotateISRRegiser
                0x0202e698                ax32xx_rotateCheckBusy
                0x0202e6b8                ax32xx_rotateReset
                0x0202e704                ax32xx_rotateStart
                0x0202e81c                ax32xx_rotateWaitFrameDone
                0x0202e870                ax32xx_rotateIRQHandler
                0x0202e8c0                ax32xx_rotateGetSrcYAddr
 .text          0x0202e8f0      0x370 ./Debug/src_ax32xx_osdcmp.c.o
                0x0202e8f0                ax32xx_osdcmpISRRegiser
                0x0202e910                ax32xx_osdcmpCheckBusy
                0x0202e934                ax32xx_osdcmpReset
                0x0202e980                ax32xx_osdcmpGetCompSize
                0x0202e9a0                ax32xx_osdcmpKick
                0x0202ea74                ax32xx_osdcmpWaitFrameDone
                0x0202eb0c                ax32xx_osdcmpCompOneFrame
                0x0202ec14                ax32xx_osdcmpIRQHandler
 .text          0x0202ec60       0x3c ./Debug/src_ax32xx_isp.c.o
                0x0202ec60                ax32xx_ispModeSet
 .text          0x0202ec9c      0xd68 ./Debug/osd_ax32xx_osd.c.o
                0x0202ec9c                ax32xx_deWait
                0x0202ecf8                ax32xx_deUpdate
                0x0202ed1c                ax32xx_deGetUpdateStatus
                0x0202ed40                ax32xx_deIRQHandler
                0x0202eda0                ax32xx_deISRRegister
                0x0202edc0                ax32xx_deInit
                0x0202ee3c                ax32xx_deSetBackground
                0x0202ee70                ax32xx_deSetCSC
                0x0202eebc                ax32xx_videoSetDither
                0x0202ef5c                ax32xx_videoSetScale
                0x0202efa8                ax32xx_videoSetScaleLine
                0x0202f018                ax32xx_videoSetScanMode
                0x0202f064                ax32xx_videoGetYAddr
                0x0202f094                ax32xx_videoGetUVAddr
                0x0202f0c4                ax32xx_videoSetAddr
                0x0202f0e0                ax32xx_videoSetStride
                0x0202f104                ax32xx_videoSetSize
                0x0202f13c                ax32xx_videoSetPosition
                0x0202f164                ax32xx_videoCopyCfg
                0x0202f1cc                ax32xx_videoEnable
                0x0202f210                ax32xx_degamma_cfg
                0x0202f230                ax32xx_videoGammaRed
                0x0202f274                ax32xx_videoGammaGreen
                0x0202f2b8                ax32xx_videoGammaBlue
                0x0202f2fc                ax32xx_deSetGAMA
                0x0202f380                ax32xx_deSet_DE_CCM
                0x0202f468                ax32xx_deSet_DE_SAJ
                0x0202f4d4                ax32xx_videoGammaEnable
                0x0202f518                ax32xx_osdEnable
                0x0202f584                ax32xx_osdSetSize
                0x0202f5d8                ax32xx_osdSetPosition
                0x0202f62c                ax32xx_osdSetPalette
                0x0202f674                ax32xx_osdSetAddr
                0x0202f730                ax32xx_osdGetAddr
                0x0202f780                ax32xx_osdSetAlpha
                0x0202f7ec                ax32xx_osdSetUpscaler
                0x0202f9b4                ax32xx_osdEncodeOneCode
 .text          0x0202fa04      0xfc8 ./Debug/csi_ax32xx_csi.c.o
                0x0202fa04                hal_csi_fcnt_get
                0x0202fa34                ax32xx_csiIRQHandler
                0x0202fcc4                ax32xx_csiISRRegiser
                0x0202fd00                ax32xx_csiMJPEGFrameSet
                0x0202fd70                ax32xx_csihv_tomjp_dma_cfg
                0x0202fdfc                ax32xx_csi_only_FrameSet
                0x0202fe1c                ax32xx_csiYUVFrameSet
                0x0202fe30                ax32xx_csiIOConfig
                0x0202fe88                ax32xx_csiInit
                0x0202feb4                ax32xx_csiMclkSet
                0x0202ff78                ax32xx_csi_set_mclk_free
                0x0202ffc0                ax32xx_csiSyncSet
                0x02030024                ax32xx_csiPrioritySet
                0x02030068                ax32xx_csiTypeSet
                0x020300d4                ax32xx_csiModeSet
                0x02030110                ax32xx_pclk_fir_Set
                0x02030178                ax32xx_pclk_analog_Set
                0x020301c8                ax32xx_pclk_inv_Set
                0x0203020c                ax32xx_csi_clk_tun_Set
                0x02030254                ax32xx_csiSizeSet
                0x0203028c                ax32xx_csiInputAddrSet
                0x020302a4                ax32xx_csiTestModeSet
                0x0203030c                ax32xx_csiDvpClkDivSet
                0x02030354                ax32xx_csiLCDFrameSet
                0x02030380                ax32xx_csiLCDDmaEnable
                0x0203041c                ax32xx_csiLCDDmaKick
                0x02030460                ax32xx_csiLCDScaler
                0x0203063c                ax32xx_csiScaler
                0x02030784                ax32xx_hvScaler
                0x020308d8                ax32xx_csiScalerCheck
                0x02030900                ax32xx_csiOutputSet
                0x0203093c                ax32xx_csiEnable
 .text          0x020309cc      0xd70 ./Debug/lcd_ax32xx_lcd.c.o
                0x020309cc                ax32xx_lcdSPIMode
                0x020309f8                ax32xx_lcdSPIInit
                0x02030aa8                ax32xx_lcdSPIUninit
                0x02030ae4                ax32xx_lcdSPISendData
                0x02030c58                ax32xx_lcdMcuSendCmd
                0x02030cbc                ax32xx_lcdMcuSendData
                0x02030d10                ax32xx_lcdMcuSendCmd16
                0x02030d94                ax32xx_lcdMcuSendData16
                0x02030e18                ax32xx_lcdInit
                0x02030e64                ax32xx_lcdIRQEnable
                0x02030eac                ax32xx_lcdPreLineSet
                0x02030ec8                ax32xx_lcdSignalSet
                0x02030f60                ax32xx_lcdBusWidth
                0x02030fb4                ax32xx_lcdBusEnable
                0x02031004                ax32xx_lcdClkSet
                0x02031024                ax32xx_lcdSyncSet
                0x02031048                ax32xx_lcdDESignalSet
                0x0203106c                ax32xx_lcdPositionSet
                0x02031088                ax32xx_lcdResolutionSet
                0x020310a4                ax32xx_lcdWindowSizeSet
                0x020310c0                ax32xx_lcdDataModeSet
                0x02031104                ax32xx_lcdClkNumberSet
                0x0203111c                ax32xx_lcdEndLineSet
                0x02031138                ax32xx_lcdPanelMode
                0x02031180                ax32xx_lcdEnable
                0x020311e4                ax32xx_lcdTeMode
                0x0203122c                ax32xx_lcdKick
                0x02031264                ax32xx_lcdIRQHandler
                0x020313d4                ax32xx_lcdISRRegister
                0x02031418                ax32xx_lcdReset
                0x02031484                ax32xx_lcdMCUIOConfig
                0x02031568                ax32xx_lcdRGBIOConfig
                0x0203164c                ax32xx_lcd_lsawbtooth
 .text          0x0203173c     0x1f10 ./Debug/mjpeg_ax32xx_mjpeg.c.o
                0x0203173c                ax32xx_mpegPrint
                0x02031bb8                ax32xx_mjpB_reset
                0x02031c24                ax32xx_mjpegAIRQHandler
                0x02031c78                ax32xx_mjpeg_encode_check
                0x02031de4                ax32xx_mjpB_employ
                0x02031e10                ax32xx_mjpB_dcdown_reg
                0x02031e30                ax32xx_mjB_as_dcode
                0x02031e5c                ax32xx_mjpegEA_ncodeISRRegister
                0x02031e7c                ax32xx_mjpegEB_ncodeISRRegister
                0x02031e9c                ax32xx_mjpegEA_ncodeISR
                0x02031ec8                ax32xx_mjpegDecodeISRRegister
                0x02031ee8                ax32xx_mjpegEncodeBufferSet
                0x02031f34                ax32xx_mjpegEncodeEnable
                0x02032024                ax32xx_mjpegEncode_wifi_Enable
                0x02032114                ax32xx_mjpegEncodeSizeSet
                0x020321bc                ax32xx_mjpegEncodeQuilitySet
                0x02032204                cal_jA_1s_size
                0x02032234                ax32xx_mjpegEncodeQadj
                0x02032318                ax32xx_mjpegEncodeInfoSet
                0x02032360                ax32xx_mjpegEncodeLoadAddrGet
                0x0203237c                ax32xx_mjpeg_inlinebuf_init
                0x02032398                ax32xx_mjpegEncodeInit
                0x020325d0                ax32xx_mjpeg_manual_on
                0x02032618                ax32xx_mjpeg_manual_stop
                0x0203263c                ax32xx_mjpegDecodeScalerCal
                0x0203270c                ax32xx_mjpegDecodeSetSize
                0x02032930                ax32xx_mjpegDecodeOutputSet
                0x0203294c                ax32xx_mjpegDecodeInputSet
                0x02032984                ax32xx_mjpegDecodeDriSet
                0x0203299c                ax32xx_mjpegDecodeCompressSet
                0x020329b4                ax32xx_mjpegDecodeInitTable
                0x020329f8                ax32xx_mjpegDecodeInit
                0x02032bfc                ax32xx_mjpegDecodeDCTimeSet
                0x02032c9c                ax32xx_mjpegDecodeEnable
                0x02032d18                ax32xx_mjpegDecodeKick
                0x02032d70                ax32xx_mjpegDecodeStop
                0x02032dac                ax32xx_mjpegBIRQHandler
                0x02032ea8                ax32xx_mjpegDecodeQDTCfg
                0x02032f08                ax32xx_mjpegDecodeStatus
                0x02032f3c                ax32xx_mjpegDecodeCheck
                0x02032f6c                ax32xx_mjpegDecodeODma1Cfg
                0x02033000                ax32xx_mjpB_Ctl_init
                0x020332b4                ax32xx_mjpB_Linebuf_cfg
                0x020332d0                ax32xx_mjpB_dma_cfg
                0x020332fc                ax32xx_mjpB_stop
                0x02033364                ax32xx_mjpB_on
                0x020333b0                ax32xx_mjpB_stop_2
                0x02033404                ax32xx_mjpegB_encode_check
                0x02033578                ax32xx_mjpB_on_2
                0x020335b0                jpeg1_decode_check
 .text          0x0203364c        0x0 ./Debug/resource_user_icon.c.o
 .text          0x0203364c        0x0 ./Debug/resource_user_str.c.o
 .text          0x0203364c      0x110 ./Debug/src_hal_adc.c.o
                0x0203364c                hal_adcInit
                0x02033688                hal_adcRead
                0x020336b4                hal_adcSetChannel
                0x02033700                hal_adcGetChannel
                0x0203373c                hal_adcVDDRTCCalculate
 .text          0x0203375c       0xf0 ./Debug/src_hal_csi.c.o
                0x0203375c                hal_csiMCLKSet
                0x0203377c                hal_csiRegister
                0x020337b0                hal_csiResolutionGet
                0x0203380c                hal_csiAdptGet
                0x0203382c                hal_csi_SeninitGet
 .text          0x0203384c      0x24c ./Debug/src_hal_dac.c.o
                0x02033894                hal_dacInit
                0x020338ec                hal_dacPlayStart
                0x02033998                hal_dacPlayStop
                0x020339c4                hal_dacSetVolume
                0x02033a28                hal_dacSetBuffer
                0x02033a4c                hal_dacCallBackRegister
                0x02033a70                hal_dacHPSet
 .text          0x02033a98        0x0 ./Debug/src_hal_eeprom.c.o
 .text          0x02033a98      0x2cc ./Debug/src_hal_gpio.c.o
                0x02033a98                hal_gpioInit
                0x02033b40                hal_gpioInit_io1d1
                0x02033be8                hal_io1d1_softstart
                0x02033c18                hal_io1d1_softstart_clr
                0x02033c40                hal_io1d1_pd_enable
                0x02033c68                hal_gpioEPullSet
                0x02033cc4                hal_gpioWrite
                0x02033cec                hal_gpioRead
                0x02033d10                hal_gpioIntInit
                0x02033d38                hal_gpioLedInit
 .text          0x02033d64      0x64c ./Debug/src_hal_iic.c.o
                0x02033d64                hal_iic0Init
                0x02033d90                hal_iic0Uninit
                0x02033db0                hal_iic08bitAddrWriteData
                0x02033e4c                hal_iic08bitAddrReadData
                0x02033f04                hal_iic08bitAddrWrite
                0x02033fc4                hal_iic08bitAddrRead
                0x02034098                hal_iic016bitAddrWriteData
                0x02034140                hal_iic016bitAddrReadData
                0x02034204                hal_iic016bitAddrWrite
                0x020342d0                hal_iic016bitAddrRead
 .text          0x020343b0     0x17e0 ./Debug/src_hal_lcd.c.o
                0x02034678                hal_lcdSetBufYUV
                0x0203470c                hal_lcd_vde_cfg
                0x02034744                hal_lcd_gamma_cfg
                0x02034758                usb_lcd_cfg
                0x0203476c                lcd_isp_config
                0x02034780                hal_lcdLCMPowerOff
                0x020347f8                hal_lcdPreviewStop
                0x02034844                hal_lcdSetShowingSize
                0x0203485c                hal_lcdSetRoate
                0x02034874                hal_lcdDealBuffer
                0x02034928                hal_lcdGetShowingBuffer
                0x0203498c                hal_lcdGetIdleBuffer
                0x020349cc                hal_lcdPreviewStart
                0x02034b10                hal_lcdSetFrame
                0x02034b38                vch_debug
                0x02034c24                hal_lcdSetVCH
                0x02034cfc                hal_lcdUpdataVCH
                0x02034df8                hal_lcdSwitchFrame2
                0x02035078                hal_lcdPreSetPIPEnable
                0x02035098                hal_lcdSetPIPEnable
                0x020350d0                hal_lcdGetResolution
                0x02035154                hal_lcdGetOSDShowingResolution
                0x020351b0                hal_lcdGetOSDShowingPosition
                0x0203520c                hal_lcdGetShowingRotate
                0x0203523c                hal_lcdGetBufferResolution
                0x02035298                hal_lcdGetVideoPos
                0x020352f4                deocode_done
                0x02035354                hal_lcd_get_next_frame
                0x02035404                lcd_struct_get
                0x02035424                hal_lcdFrameEndCallBack
                0x02035470                hal_lcdRegister
                0x02035b0c                hal_lcd_lsawtooth
                0x02035b2c                hal_lcdSetCsiCrop
 .text          0x02035b90      0x75c ./Debug/src_hal_osd.c.o
                0x02035b90                hal_osdGetIdleRotateBuffer
                0x02035bb4                hal_osdGetIdleCmpBuffer
                0x02035bd8                hal_osdGetIdleDispBuffer
                0x02035bfc                hal_osdBufferRelease
                0x02035c24                hal_osdDealBuffer
                0x02035ca4                hal_osdInit
                0x02035f48                hal_osdGetCurBuff
                0x02035f88                hal_osdGetFreeBuff
                0x02035fd8                hal_osdSetBuff
                0x02036040                hal_osdEnable
                0x0203607c                hal_osdSetAddr
                0x020360b8                hal_osdSetBuffer
                0x02036138                hal_osdSetPosition
                0x02036180                hal_osdSetPalette
                0x020361b8                hal_osdSetSize
                0x020361f8                hal_osdSetAlpha
                0x02036238                hal_osdGetBufferResolution
                0x0203629c                hal_deSet_DE_CCM
                0x020362c4                hal_deSet_DE_SAJ
 .text          0x020362ec      0xc88 ./Debug/src_hal_rtc.c.o
                0x02036318                hal_rtcCallBackRegister
                0x02036378                hal_rtcCallBackRelease
                0x020363b4                hal_rtcUninit
                0x020363f0                hal_rtcTimeGet
                0x0203640c                hal_rtcTimeGetExt
                0x02036440                hal_rtcSecondGet
                0x02036460                hal_rtcTime2String
                0x02036714                hal_rtcTime2StringExt
                0x02036778                hal_rtcLeapYear
                0x02036994                hal_rtcTime
                0x02036aa8                hal_rtcInit
                0x02036bd0                hal_rtcSecondSet
                0x02036c0c                hal_rtcValue
                0x02036d1c                hal_rtcTimeSet
                0x02036dbc                hal_rtcAlarmSet
                0x02036e4c                hal_rtcAlarmSetExt
                0x02036ef0                hal_rtcAlarmStatusGet
                0x02036f2c                hal_vddWKOEnable
                0x02036f50                hal_vddGSENEnable
 .text          0x02036f74      0xafc ./Debug/src_hal_sd.c.o
                0x02037010                hal_sdStop
                0x020372a0                hal_sdNextLBA
                0x020372c0                hal_sdInit
                0x02037748                hal_sdUninit
                0x02037774                hal_sdLock
                0x020377b4                hal_sdUnlock
                0x020377e0                hal_sdCheck
                0x02037854                hal_sdSetCardState
                0x02037874                hal_sdGetCardState
                0x02037894                hal_sdGetBusWidth
                0x020378b4                hal_sdCapacity
                0x020378d4                hal_sdExist
                0x020378fc                hal_sdWrite
                0x0203799c                hal_speed_callback
                0x020379f0                hal_sdRead
 .text          0x02037a70      0xad4 ./Debug/src_hal_spi.c.o
                0x02037a70                hal_spiIOShare
                0x02037a88                hal_spiIOCheck
                0x02037a9c                hal_spiInit
                0x02037ac8                hal_spiSendByte
                0x02037aec                hal_spiSend
                0x02037b0c                hal_spiRecvByte
                0x02037b2c                hal_spiRecv
                0x02037b6c                hal_spiCSConfig
                0x02037b90                hal_spiFlashReadID
                0x02037bf0                hal_spiFlashWriteEnable
                0x02037c24                hal_spiFlashWait
                0x02037ca8                hal_spiFlashReadPage
                0x02037d20                hal_spiFlashRead
                0x02037de8                hal_spiFlashWritePage
                0x02037e68                hal_spiFlashWrite
                0x02037f04                hal_spiFlashEraseSector
                0x02037f70                hal_spiFlashEraseBlock
                0x02037fd4                hal_spiFlashEraseChip
                0x02038010                spi_udisk_jpg_num
                0x02038030                spi_udisk_write_jpg
                0x02038260                spi_udisk_del_jpg
                0x020382f4                spi_udisk_read_jpg_size
                0x0203830c                spi_udisk_read_jpg
                0x020383a8                spi_udisk_get_list_idx
                0x020383f0                spi_udisk_format
                0x02038488                spi_udisk_init
                0x02038518                spi_udisk_jpg_free_num
 .text          0x02038544      0x128 ./Debug/src_hal_timer.c.o
                0x02038544                hal_timerStart
                0x02038568                hal_timerStop
                0x0203858c                hal_timerEnable
                0x020385c4                hal_timerTickEnable
                0x020385fc                hal_timerTickGet
                0x0203861c                hal_timerPWMStart
                0x02038648                hal_timerPWMStop
 .text          0x0203866c      0x67c ./Debug/src_hal_uart.c.o
                0x020386d0                hal_uartIOShare
                0x02038710                hal_uartIOShareCheck
                0x02038758                hal_uartInit
                0x020387a8                hal_uartSendData
                0x020387cc                hal_uartRXIsrRegister
                0x020387ec                uart_PutChar_n
                0x02038820                uart_PutStr
                0x02038860                uart_Put_hex
                0x0203898c                uart_Put_udec
                0x02038a20                uart_Put_dec
                0x02038ac8                uart_Printf
                0x02038c0c                uart_PrintfBuf
                0x02038ca4                hal_uartPrintString
 .text          0x02038ce8      0x64c ./Debug/src_hal_watermark.c.o
                0x02038d50                hal_watermarkInit
                0x02038e00                hal_watermarkClose
                0x02038e98                hal_watermarkClear
                0x02038f18                hal_watermarkOpen
                0x02038fb8                hal_watermarkColor
                0x0203900c                hal_watermarkAddr
                0x02039024                hal_watermarkSize
                0x02039070                hal_watermarkPosition
                0x020390bc                hal_watermarkCallbackRegister
                0x02039104                hal_watermarkRam
                0x020391a4                hal_watermarkEnable
                0x02039314                hal_watermarkBPos_Adjust
 .text          0x02039334      0x3c4 ./Debug/src_hal_sys.c.o
                0x0203937c                hal_sysInit
                0x02039498                hal_sysMemPrint
                0x020394c8                hal_sysMemMalloc
                0x02039598                hal_sysMemFree
                0x0203968c                hal_sysMemRemain
 .text          0x020396f8      0xa74 ./Debug/src_hal_auadc.c.o
                0x020396f8                _hal_auadcCallBackEnd
                0x020397f4                _hal_auadcCallBackHalf
                0x0203984c                hal_audc_33ms_syncnt_clr
                0x02039878                hal_audc_stamp_cal
                0x020398a4                hal_audc_stamp_out
                0x020398f8                hal_audc_stamp_next
                0x02039954                hal_auadcCallBackEnd
                0x020399d0                hal_auadcInit
                0x02039a18                hal_auadcMemInit
                0x02039abc                hal_auadcMemUninit
                0x02039b30                hal_auadc_cnt
                0x02039b60                _hal_auadcStartForUAC
                0x02039c40                hal_auadcStartForWAV
                0x02039c58                hal_auadcStartForAVI
                0x02039d7c                hal_auadcBufferGet
                0x02039e5c                hal_auadcBufferfree
                0x02039e88                hal_auadcStop
                0x02039eb0                hal_auadcBufferRelease
                0x02039ed8                hal_auadcUACProcess
                0x02039fb8                hal_adcBuffer_prefull
                0x0203a01c                hal_adcBuffer_halffull
                0x0203a034                hal_adc_volume_set
                0x0203a054                hal_uac_send
                0x0203a0b8                hal_auadcStartForUAC
 .text          0x0203a16c     0x3230 ./Debug/src_hal_mjpeg.c.o
                0x0203a16c                hal_mjpegStart
                0x0203a19c                hal_save_frame_isr
                0x0203a348                hal_mjpeg_manual_on
                0x0203a3c8                hal_mjpegQualityCheck
                0x0203a490                hal_mjpegCallback_state
                0x0203a4cc                hal_mjpegCallback
                0x0203a718                hal_mjpeg_manual_fdown
                0x0203ab3c                hal_jA_fcnt_get
                0x0203ab6c                hal_mjpeg_mallocbuf
                0x0203ab8c                hal_mjpegEncodeResolutionImageQuad
                0x0203abd0                hal_mjpegSrcCSI
                0x0203ad14                hal_mjpegSrcRam
                0x0203ad28                hal_mjpegSrcColorBar
                0x0203adb0                hal_Cut_SDR_SrcCSI
                0x0203ae84                hal_mjpegMemInit
                0x0203afd4                hal_mjpegMemUninit
                0x0203b054                hal_mjpegEncodeInit
                0x0203b0b8                hal_mjpegEncodeUninit
                0x0203b108                hal_mjpegEncodeResolution
                0x0203b144                hal_mjpegEncodeResolutionImage
                0x0203b180                hal_mjpegSizecalculate
                0x0203b1ac                imageGetYuvAddr
                0x0203b1e0                hal_mjpeg_get_num
                0x0203b200                imageGetYuvLen
                0x0203b220                hal_mjpeg_rev_buf_init
                0x0203b2dc                hal_mjpeg_rev_buf_malloc
                0x0203b348                hal_mjpeg_rev_buf_free
                0x0203b394                hal_mjpeg_queue_init
                0x0203b434                hal_mjpeg_post_msg
                0x0203b4c4                hal_mjpeg_manual_quad_on
                0x0203b52c                hal_mjpeg_manual_quad_fdown
                0x0203b734                hal_mjpeg_manual_get_csi_yuv_sta
                0x0203b754                hal_mjpeg_software_handle_csi_yuvbuf
                0x0203b7bc                hal_mjpegUVCStart
                0x0203bacc                hal_mjpegPhotoStart
                0x0203bec0                hal_mjpegAVIStart
                0x0203c2dc                hal_mjpegRawDataGet
                0x0203c2f4                hal_mjpegRawBuffer_prefull
                0x0203c364                hal_mjpegRawBuffer_halffull
                0x0203c3d4                hal_mjpegRawBufferfree
                0x0203c3fc                hal_mjpegRawBufferGet
                0x0203c56c                hal_mjpegRawDataSet
                0x0203c594                hal_mjpegHeaderParse
                0x0203cc20                hal_mjpegDecodeGetResolution
                0x0203cc68                hal_mjpegDecodeSetResolution
                0x0203cc8c                hal_mjpeglDecodeGetResolution
                0x0203ccc4                hal_mjpeglDecodeSetResolution
                0x0203ccf0                hal_mjpegDecodeStatusCheck
                0x0203cd10                hal_mjpegDecodeErrorCheck
                0x0203cd30                hal_mjpegDecodeMiniSize
                0x0203ceb4                hal_mjpegDecodeStop
                0x0203ced4                hal_mjpegDecodeReset
                0x0203cf00                hal_mjpegDecodePicture
                0x0203cf70                hal_mjpegDecodeNoIsr
                0x0203cfdc                hal_mjpg_scale_down
                0x0203d0f4                hal_mjpegDecodeParse
                0x0203d124                hal_mjpegDecodeOneFrame
                0x0203d17c                hal_mjpegDecodeOneFrame_Ext
                0x0203d204                hal_mjpegDecodeRestart_Ext
                0x0203d270                hal_mjpegDecodeOneFrame_Fast
                0x0203d334                hal_mjpegDecodeODma1Cfg
                0x0203d358                hal_curBuffer_clear
 .text          0x0203d39c       0x34 ./Debug/src_hal_int.c.o
                0x0203d39c                hal_intInit
 .text          0x0203d3d0        0x0 ./Debug/src_hal_wdt.c.o
 .text          0x0203d3d0      0x4bc ./Debug/src_hal_stream.c.o
                0x0203d3d0                hal_streamInit
                0x0203d4c8                hal_streamMalloc
                0x0203d5b0                hal_streamIn_Drop
                0x0203d614                hal_streamIn
                0x0203d6b0                hal_streamOut